D:\Project\wrs-sealp\wrs\grasping\planning\segmentation.py:51: RuntimeWarning: invalid value encountered in arccos
  angle_array = np.arccos(face_normals[next_adj_list].dot(seed_face_normal.T))  # it seems clipping is not needed
D:\Project\wrs-sealp\wrs\grasping\planning\segmentation.py:64: RuntimeWarning: invalid value encountered in arccos
  angle_array = np.arccos(adj_face_normal_array.dot(adj_face_normal_array.T))
D:\Project\wrs-sealp\wrs\basis\robot_math.py:920: RuntimeWarning: invalid value encountered in divide
  ax = deltaw / angle if isinstance(deltaw, np.ndarray) else None
[nsga2-v1] L3 default = OFF (auto-injected --disable-l3).
[nsga2-v1] L3 skip parts default = middle_plate (auto-injected --l3-skip-parts).
[fast] installed per-pose IK feasibility cache on reason_common_gids
[global] config:
    explore              = 80
    elite                = 5
    refine_steps         = [0.03, 0.015, 0.008]
    refine_rounds        = 2
    refine_diagonal      = False
    max_resample_layout  = 80
    max_evals            = 500
[global] scipy.cKDTree available = True
======================================================================
Tower Initial Layout Search [v9.5 NoL2DepartApproach + GoalYSideSampling]
asmdef    = D:\Project\wrs-sealp\sealp\assembly_sequence\_demo_output\topdown_tower.asmdef
config    = D:\Project\wrs-sealp\sealp\config\sample_config.yaml
grasp_dir = D:\Project\wrs-sealp\sealp\examples\grasp\tower_grasp
output    = D:\Project\wrs-sealp\sealp\examples\layout\_output\wsweep_balanced_s0.layout
L2 obs    = staging_aware
prefer STL upface = True, w=0.35, min_thinness=0.20  # 细长/扁平件优先保持默认站立/平放
L3 enable = False, L3 obs = staging_aware, top_k = 3
L3 skip parts = middle_plate  # skipped parts are still counted as placed obstacles
assembly region search = True, grid=3, preassemble_first=True
assembly arm keepout   = False  # 3x3装配中心不按矩形距离过滤，只检查preassembled是否撞机械臂
staging arm keepout    = True, x_clearance=0.120m, y_clearance=0.120m
goal-y side sampling   = True, ratio=0.75, eps=0.005m
arm base xy used       = lft=(0.000,0.000), rgt=(0.000,-0.620)
flatsurface poses      = True, threshold=0.1
home collision check   = True
strict initial arm-box collision = True
min mesh clearance     = 0.0100 m
order-x constraint     = False, tol=0.030 m
y side score           = True
upright hard constraint = True, topdown_min=10
L2 pick quick check     = False, parts=middle_plate, lift=0.060m, dirs=z,x_plus,x_minus,y_plus,y_minus, tilt=0.350
robot home clearance    = 0.030m
======================================================================

========== Grasp pickle 检查 ==========
base_plate      : D:\Project\wrs-sealp\sealp\examples\grasp\tower_grasp\tower_base_plate_grasps.pickle  n=278  topdown(-Z)=4
post_br         : D:\Project\wrs-sealp\sealp\examples\grasp\tower_grasp\tower_post_grasps.pickle  n=876  topdown(-Z)=572
post_fr         : D:\Project\wrs-sealp\sealp\examples\grasp\tower_grasp\tower_post_grasps.pickle  n=876  topdown(-Z)=572
post_bl         : D:\Project\wrs-sealp\sealp\examples\grasp\tower_grasp\tower_post_grasps.pickle  n=876  topdown(-Z)=572
post_fl         : D:\Project\wrs-sealp\sealp\examples\grasp\tower_grasp\tower_post_grasps.pickle  n=876  topdown(-Z)=572
middle_plate    : D:\Project\wrs-sealp\sealp\examples\grasp\tower_grasp\tower_middle_plate_grasps.pickle  n=520  topdown(-Z)=0
top_cross       : D:\Project\wrs-sealp\sealp\examples\grasp\tower_grasp\tower_top_cross_grasps.pickle  n=531  topdown(-Z)=296

========== 自动旋转候选 ==========
use_flatsurface        = True
fs_stability_threshold = 0.1
[INFO] flatsurface loaded: wrs.manipulation.placement.flatsurface
base_plate      : 12 candidates
  [0] tag=identity             rot=identity     z_offset=0.0030 extent=[0.195, 0.15, 0.0243]
  [1] tag=fs_stable_lifted     rot=fs_00        z_offset=0.0273 extent=[0.244, 0.244, 0.0243]
  [2] tag=fs_upright_lifted    rot=fs_01        z_offset=0.0780 extent=[0.1551, 0.1551, 0.15]
  [3] tag=fs_upright_lifted    rot=fs_02        z_offset=0.0780 extent=[0.1551, 0.1551, 0.15]
  [4] tag=fs_upright_lifted    rot=fs_03        z_offset=0.1005 extent=[0.1232, 0.1232, 0.195]
  [5] tag=fs_upright_lifted    rot=fs_04        z_offset=0.1005 extent=[0.1232, 0.1232, 0.195]
[INFO] flatsurface loaded: wrs.manipulation.placement.flatsurface
post_br         : 12 candidates
  [0] tag=identity             rot=identity     z_offset=0.0030 extent=[0.024, 0.024, 0.135]
  [1] tag=fs_stable_lifted     rot=fs_00        z_offset=0.0150 extent=[0.1108, 0.1108, 0.024]
  [2] tag=fs_stable_lifted     rot=fs_01        z_offset=0.0150 extent=[0.1108, 0.1108, 0.024]
  [3] tag=fs_stable_lifted     rot=fs_02        z_offset=0.0150 extent=[0.1108, 0.1108, 0.024]
  [4] tag=fs_stable_lifted     rot=fs_03        z_offset=0.0152 extent=[0.1104, 0.1119, 0.0242]
  [5] tag=fs_stable_lifted     rot=fs_04        z_offset=0.1380 extent=[0.034, 0.034, 0.135]
[INFO] flatsurface loaded: wrs.manipulation.placement.flatsurface
post_fr         : 12 candidates
  [0] tag=identity             rot=identity     z_offset=0.0030 extent=[0.024, 0.024, 0.135]
  [1] tag=fs_stable_lifted     rot=fs_00        z_offset=0.0150 extent=[0.1108, 0.1108, 0.024]
  [2] tag=fs_stable_lifted     rot=fs_01        z_offset=0.0150 extent=[0.1108, 0.1108, 0.024]
  [3] tag=fs_stable_lifted     rot=fs_02        z_offset=0.0150 extent=[0.1108, 0.1108, 0.024]
  [4] tag=fs_stable_lifted     rot=fs_03        z_offset=0.0152 extent=[0.1104, 0.1119, 0.0242]
  [5] tag=fs_stable_lifted     rot=fs_04        z_offset=0.1380 extent=[0.034, 0.034, 0.135]
[INFO] flatsurface loaded: wrs.manipulation.placement.flatsurface
post_bl         : 12 candidates
  [0] tag=identity             rot=identity     z_offset=0.0030 extent=[0.024, 0.024, 0.135]
  [1] tag=fs_stable_lifted     rot=fs_00        z_offset=0.0150 extent=[0.1108, 0.1108, 0.024]
  [2] tag=fs_stable_lifted     rot=fs_01        z_offset=0.0150 extent=[0.1108, 0.1108, 0.024]
  [3] tag=fs_stable_lifted     rot=fs_02        z_offset=0.0150 extent=[0.1108, 0.1108, 0.024]
  [4] tag=fs_stable_lifted     rot=fs_03        z_offset=0.0152 extent=[0.1104, 0.1119, 0.0242]
  [5] tag=fs_stable_lifted     rot=fs_04        z_offset=0.1380 extent=[0.034, 0.034, 0.135]
[INFO] flatsurface loaded: wrs.manipulation.placement.flatsurface
post_fl         : 12 candidates
  [0] tag=identity             rot=identity     z_offset=0.0030 extent=[0.024, 0.024, 0.135]
  [1] tag=fs_stable_lifted     rot=fs_00        z_offset=0.0150 extent=[0.1108, 0.1108, 0.024]
  [2] tag=fs_stable_lifted     rot=fs_01        z_offset=0.0150 extent=[0.1108, 0.1108, 0.024]
  [3] tag=fs_stable_lifted     rot=fs_02        z_offset=0.0150 extent=[0.1108, 0.1108, 0.024]
  [4] tag=fs_stable_lifted     rot=fs_03        z_offset=0.0152 extent=[0.1104, 0.1119, 0.0242]
  [5] tag=fs_stable_lifted     rot=fs_04        z_offset=0.1380 extent=[0.034, 0.034, 0.135]
[INFO] flatsurface loaded: wrs.manipulation.placement.flatsurface
middle_plate    : 12 candidates
  [0] tag=identity             rot=identity     z_offset=0.0030 extent=[0.165, 0.12, 0.0216]
  [1] tag=fs_upright_lifted    rot=fs_00        z_offset=0.0630 extent=[0.1319, 0.1319, 0.12]
  [2] tag=fs_upright_lifted    rot=fs_01        z_offset=0.0630 extent=[0.1319, 0.1319, 0.12]
  [3] tag=fs_upright_lifted    rot=fs_02        z_offset=0.0855 extent=[0.1001, 0.1001, 0.165]
  [4] tag=fs_upright_lifted    rot=fs_03        z_offset=0.0855 extent=[0.1001, 0.1001, 0.165]
  [5] tag=auto_upright_lifted  rot=rot90_04     z_offset=0.0630 extent=[0.165, 0.0216, 0.12]
[INFO] flatsurface loaded: wrs.manipulation.placement.flatsurface
top_cross       : 12 candidates
  [0] tag=identity             rot=identity     z_offset=0.0030 extent=[0.0675, 0.018, 0.0675]
  [1] tag=fs_stable_lifted     rot=fs_00        z_offset=0.0120 extent=[0.0662, 0.0662, 0.018]
  [2] tag=fs_stable_lifted     rot=fs_01        z_offset=0.0120 extent=[0.0662, 0.0662, 0.018]
  [3] tag=fs_stable_lifted     rot=fs_03        z_offset=0.0640 extent=[0.0347, 0.0685, 0.0661]
  [4] tag=fs_stable_lifted     rot=fs_02        z_offset=0.0640 extent=[0.0641, 0.0532, 0.0661]
  [5] tag=fs_stable_lifted     rot=fs_04        z_offset=0.0368 extent=[0.0605, 0.0605, 0.0675]
box
triangles
convex_hull
box
triangles
convex_hull
box
triangles
convex_hull
box
triangles
convex_hull
box
triangles
convex_hull
box
triangles
convex_hull
box
triangles
convex_hull
box
triangles
convex_hull
box
triangles
convex_hull
box
triangles
convex_hull
box
triangles
convex_hull
box
triangles
convex_hull
box
triangles
convex_hull
box
triangles
convex_hull

========== Assembly Region Candidates ==========
plan_assembly_region       = True
assembly_grid              = 3 x 3
preassemble_first          = True
filter_assembly_near_arms  = False  # disabled: 3x3 centers are not filtered by arm-base rectangle
assembly_collision_check   = preassembled first part vs arm collision boxes
filter_staging_near_arms   = True
staging_arm_x_clearance    = 0.1200 m
staging_arm_y_clearance    = 0.1200 m
arm_base_xy                = {'lft_arm_base': (0.0, 0.0), 'rgt_arm_base': (0.0, -0.62)}
  kept:
    r0_c0  rc=(0, 0) center=[0.0875, -0.71, 0.0]
    r0_c1  rc=(0, 1) center=[0.23, -0.71, 0.0]
    r0_c2  rc=(0, 2) center=[0.3725, -0.71, 0.0]
    r1_c0  rc=(1, 0) center=[0.0875, -0.35, 0.0]
    r1_c1  rc=(1, 1) center=[0.23, -0.35, 0.0]
    r1_c2  rc=(1, 2) center=[0.3725, -0.35, 0.0]
    r2_c2  rc=(2, 2) center=[0.3725, 0.01, 0.0]
  skipped:
    r2_c0  rc=(2, 0) center=[0.0875, 0.01, 0.0]  reason=preassembled first part collides with arm collision boxes at this assembly center: base_plate vs robot_lft_arm_collision_box
    r2_c1  rc=(2, 1) center=[0.23, 0.01, 0.0]  reason=preassembled first part collides with arm collision boxes at this assembly center: base_plate vs robot_lft_arm_collision_box

---------- Explore order: center-first ----------
reference center (x, y) = (0.2504, -0.3100)  # x=候选中心均值, y=双臂基座中点
  # 1 r1_c1  rc=(1, 1) center=(0.2300, -0.3500) dist=0.0449
  # 2 r1_c2  rc=(1, 2) center=(0.3725, -0.3500) dist=0.1285
  # 3 r1_c0  rc=(1, 0) center=(0.0875, -0.3500) dist=0.1677
  # 4 r2_c2  rc=(2, 2) center=(0.3725, 0.0100) dist=0.3425
  # 5 r0_c1  rc=(0, 1) center=(0.2300, -0.7100) dist=0.4005
  # 6 r0_c2  rc=(0, 2) center=(0.3725, -0.7100) dist=0.4182
  # 7 r0_c0  rc=(0, 0) center=(0.0875, -0.7100) dist=0.4319

========== Global Layout Search ==========
explore samples   = 80  (center-first round-robin over 7 assembly regions)
elite (refine)    = 5
refine steps (m)  = [0.03, 0.015, 0.008]
refine rounds     = 2, diagonal = False
max_evals         = 500
objective         = analytic layout_score (与 nsga2 BEST-L2 同口径)
L3 default/current = OFF

---------- Phase A: global explore ----------
box
triangles
convex_hull
box
triangles
convex_hull
box
triangles
convex_hull
box
triangles
convex_hull
box
triangles
convex_hull
box
triangles
convex_hull
box
triangles
convex_hull
box
triangles
convex_hull
box
triangles
convex_hull
box
triangles
convex_hull
box
triangles
convex_hull
box
triangles
convex_hull
box
triangles
convex_hull
box
triangles
convex_hull
[explore] 001/80 FAIL  score=-inf region=r1_c1
          fail: post_br: all rotation/arm candidates failed; fail_counter={'pair_collision': 1, 'mesh_clearance': 11, 'robot_home_collision': 0, 'upright_constraint': 0, 'staging_arm_keepout': 0, 'l2_pick_quick_check': 0, 'home_clearance': 0, 'no_common_gids': 0, 'reason_exception': 0}
box
triangles
convex_hull
box
triangles
convex_hull
box
triangles
convex_hull
box
triangles
convex_hull
box
triangles
convex_hull
box
triangles
convex_hull
box
triangles
convex_hull
box
triangles
convex_hull
box
triangles
convex_hull
box
triangles
convex_hull
box
triangles
convex_hull
box
triangles
convex_hull
box
triangles
convex_hull
box
triangles
convex_hull
[explore] 002/80 L2_OK score=0.3700 region=r1_c2
box
triangles
convex_hull
box
triangles
convex_hull
box
triangles
convex_hull
box
triangles
convex_hull
box
triangles
convex_hull
box
triangles
convex_hull
box
triangles
convex_hull
box
triangles
convex_hull
box
triangles
convex_hull
box
triangles
convex_hull
box
triangles
convex_hull
box
triangles
convex_hull
box
triangles
convex_hull
box
triangles
convex_hull
[explore] 003/80 L2_OK score=0.3835 region=r1_c0
box
triangles
convex_hull
box
triangles
convex_hull
box
triangles
convex_hull
box
triangles
convex_hull
box
triangles
convex_hull
box
triangles
convex_hull
box
triangles
convex_hull
box
triangles
convex_hull
box
triangles
convex_hull
box
triangles
convex_hull
box
triangles
convex_hull
box
triangles
convex_hull
box
triangles
convex_hull
box
triangles
convex_hull
[explore] 004/80 FAIL  score=-inf region=r2_c2
          fail: post_fr: all rotation/arm candidates failed; fail_counter={'pair_collision': 0, 'mesh_clearance': 0, 'robot_home_collision': 0, 'upright_constraint': 0, 'staging_arm_keepout': 0, 'l2_pick_quick_check': 0, 'home_clearance': 0, 'no_common_gids': 24, 'reason_exception': 0}
box
triangles
convex_hull
box
triangles
convex_hull
box
triangles
convex_hull
box
triangles
convex_hull
box
triangles
convex_hull
box
triangles
convex_hull
box
triangles
convex_hull
box
triangles
convex_hull
box
triangles
convex_hull
box
triangles
convex_hull
box
triangles
convex_hull
box
triangles
convex_hull
box
triangles
convex_hull
box
triangles
convex_hull
[explore] 005/80 FAIL  score=-inf region=r0_c1
          fail: post_br: all rotation/arm candidates failed; fail_counter={'pair_collision': 0, 'mesh_clearance': 0, 'robot_home_collision': 0, 'upright_constraint': 0, 'staging_arm_keepout': 8, 'l2_pick_quick_check': 0, 'home_clearance': 0, 'no_common_gids': 8, 'reason_exception': 0}
box
triangles
convex_hull
box
triangles
convex_hull
box
triangles
convex_hull
box
triangles
convex_hull
box
triangles
convex_hull
box
triangles
convex_hull
box
triangles
convex_hull
box
triangles
convex_hull
box
triangles
convex_hull
box
triangles
convex_hull
box
triangles
convex_hull
box
triangles
convex_hull
box
triangles
convex_hull
box
triangles
convex_hull
[explore] 006/80 FAIL  score=-inf region=r0_c2
          fail: post_fl: all rotation/arm candidates failed; fail_counter={'pair_collision': 1, 'mesh_clearance': 0, 'robot_home_collision': 0, 'upright_constraint': 0, 'staging_arm_keepout': 0, 'l2_pick_quick_check': 0, 'home_clearance': 0, 'no_common_gids': 22, 'reason_exception': 0}
box
triangles
convex_hull
box
triangles
convex_hull
box
triangles
convex_hull
box
triangles
convex_hull
box
triangles
convex_hull
box
triangles
convex_hull
box
triangles
convex_hull
box
triangles
convex_hull
box
triangles
convex_hull
box
triangles
convex_hull
box
triangles
convex_hull
box
triangles
convex_hull
box
triangles
convex_hull
box
triangles
convex_hull
[explore] 007/80 FAIL  score=-inf region=r0_c0
          fail: post_bl: all rotation/arm candidates failed; fail_counter={'pair_collision': 4, 'mesh_clearance': 0, 'robot_home_collision': 2, 'upright_constraint': 0, 'staging_arm_keepout': 0, 'l2_pick_quick_check': 0, 'home_clearance': 0, 'no_common_gids': 12, 'reason_exception': 0}
box
triangles
convex_hull
box
triangles
convex_hull
box
triangles
convex_hull
box
triangles
convex_hull
box
triangles
convex_hull
box
triangles
convex_hull
box
triangles
convex_hull
box
triangles
convex_hull
box
triangles
convex_hull
box
triangles
convex_hull
box
triangles
convex_hull
box
triangles
convex_hull
box
triangles
convex_hull
box
triangles
convex_hull
[explore] 008/80 L2_OK score=0.4900 region=r1_c1
box
triangles
convex_hull
box
triangles
convex_hull
box
triangles
convex_hull
box
triangles
convex_hull
box
triangles
convex_hull
box
triangles
convex_hull
box
triangles
convex_hull
box
triangles
convex_hull
box
triangles
convex_hull
box
triangles
convex_hull
box
triangles
convex_hull
box
triangles
convex_hull
box
triangles
convex_hull
box
triangles
convex_hull
[explore] 009/80 L2_OK score=0.4101 region=r1_c2
box
triangles
convex_hull
box
triangles
convex_hull
box
triangles
convex_hull
box
triangles
convex_hull
box
triangles
convex_hull
box
triangles
convex_hull
box
triangles
convex_hull
box
triangles
convex_hull
box
triangles
convex_hull
box
triangles
convex_hull
box
triangles
convex_hull
box
triangles
convex_hull
box
triangles
convex_hull
box
triangles
convex_hull
[explore] 010/80 FAIL  score=-inf region=r1_c0
          fail: post_br: all rotation/arm candidates failed; fail_counter={'pair_collision': 0, 'mesh_clearance': 0, 'robot_home_collision': 0, 'upright_constraint': 0, 'staging_arm_keepout': 0, 'l2_pick_quick_check': 0, 'home_clearance': 0, 'no_common_gids': 24, 'reason_exception': 0}
box
triangles
convex_hull
box
triangles
convex_hull
box
triangles
convex_hull
box
triangles
convex_hull
box
triangles
convex_hull
box
triangles
convex_hull
box
triangles
convex_hull
box
triangles
convex_hull
box
triangles
convex_hull
box
triangles
convex_hull
box
triangles
convex_hull
box
triangles
convex_hull
box
triangles
convex_hull
box
triangles
convex_hull
[explore] 011/80 FAIL  score=-inf region=r2_c2
          fail: post_fr: all rotation/arm candidates failed; fail_counter={'pair_collision': 0, 'mesh_clearance': 0, 'robot_home_collision': 0, 'upright_constraint': 0, 'staging_arm_keepout': 4, 'l2_pick_quick_check': 0, 'home_clearance': 0, 'no_common_gids': 16, 'reason_exception': 0}
box
triangles
convex_hull
box
triangles
convex_hull
box
triangles
convex_hull
box
triangles
convex_hull
box
triangles
convex_hull
box
triangles
convex_hull
box
triangles
convex_hull
box
triangles
convex_hull
box
triangles
convex_hull
box
triangles
convex_hull
box
triangles
convex_hull
box
triangles
convex_hull
box
triangles
convex_hull
box
triangles
convex_hull
[explore] 012/80 FAIL  score=-inf region=r0_c1
          fail: post_fl: all rotation/arm candidates failed; fail_counter={'pair_collision': 0, 'mesh_clearance': 0, 'robot_home_collision': 0, 'upright_constraint': 0, 'staging_arm_keepout': 8, 'l2_pick_quick_check': 0, 'home_clearance': 0, 'no_common_gids': 8, 'reason_exception': 0}
box
triangles
convex_hull
box
triangles
convex_hull
box
triangles
convex_hull
box
triangles
convex_hull
box
triangles
convex_hull
box
triangles
convex_hull
box
triangles
convex_hull
box
triangles
convex_hull
box
triangles
convex_hull
box
triangles
convex_hull
box
triangles
convex_hull
box
triangles
convex_hull
box
triangles
convex_hull
box
triangles
convex_hull
[explore] 013/80 FAIL  score=-inf region=r0_c2
          fail: post_br: all rotation/arm candidates failed; fail_counter={'pair_collision': 0, 'mesh_clearance': 0, 'robot_home_collision': 11, 'upright_constraint': 0, 'staging_arm_keepout': 0, 'l2_pick_quick_check': 0, 'home_clearance': 0, 'no_common_gids': 2, 'reason_exception': 0}
box
triangles
convex_hull
box
triangles
convex_hull
box
triangles
convex_hull
box
triangles
convex_hull
box
triangles
convex_hull
box
triangles
convex_hull
box
triangles
convex_hull
box
triangles
convex_hull
box
triangles
convex_hull
box
triangles
convex_hull
box
triangles
convex_hull
box
triangles
convex_hull
box
triangles
convex_hull
box
triangles
convex_hull
[explore] 014/80 FAIL  score=-inf region=r0_c0
          fail: post_fl: all rotation/arm candidates failed; fail_counter={'pair_collision': 5, 'mesh_clearance': 1, 'robot_home_collision': 0, 'upright_constraint': 0, 'staging_arm_keepout': 0, 'l2_pick_quick_check': 0, 'home_clearance': 0, 'no_common_gids': 12, 'reason_exception': 0}
box
triangles
convex_hull
box
triangles
convex_hull
box
triangles
convex_hull
box
triangles
convex_hull
box
triangles
convex_hull
box
triangles
convex_hull
box
triangles
convex_hull
box
triangles
convex_hull
box
triangles
convex_hull
box
triangles
convex_hull
box
triangles
convex_hull
box
triangles
convex_hull
box
triangles
convex_hull
box
triangles
convex_hull
[explore] 015/80 FAIL  score=-inf region=r1_c1
          fail: post_br: all rotation/arm candidates failed; fail_counter={'pair_collision': 0, 'mesh_clearance': 0, 'robot_home_collision': 2, 'upright_constraint': 0, 'staging_arm_keepout': 0, 'l2_pick_quick_check': 0, 'home_clearance': 0, 'no_common_gids': 20, 'reason_exception': 0}
box
triangles
convex_hull
box
triangles
convex_hull
box
triangles
convex_hull
box
triangles
convex_hull
box
triangles
convex_hull
box
triangles
convex_hull
box
triangles
convex_hull
box
triangles
convex_hull
box
triangles
convex_hull
box
triangles
convex_hull
box
triangles
convex_hull
box
triangles
convex_hull
box
triangles
convex_hull
box
triangles
convex_hull
[explore] 016/80 FAIL  score=-inf region=r1_c2
          fail: post_br: all rotation/arm candidates failed; fail_counter={'pair_collision': 1, 'mesh_clearance': 0, 'robot_home_collision': 0, 'upright_constraint': 0, 'staging_arm_keepout': 0, 'l2_pick_quick_check': 0, 'home_clearance': 0, 'no_common_gids': 22, 'reason_exception': 0}
box
triangles
convex_hull
box
triangles
convex_hull
box
triangles
convex_hull
box
triangles
convex_hull
box
triangles
convex_hull
box
triangles
convex_hull
box
triangles
convex_hull
box
triangles
convex_hull
box
triangles
convex_hull
box
triangles
convex_hull
box
triangles
convex_hull
box
triangles
convex_hull
box
triangles
convex_hull
box
triangles
convex_hull
[explore] 017/80 L2_OK score=0.4658 region=r1_c0
box
triangles
convex_hull
box
triangles
convex_hull
box
triangles
convex_hull
box
triangles
convex_hull
box
triangles
convex_hull
box
triangles
convex_hull
box
triangles
convex_hull
box
triangles
convex_hull
box
triangles
convex_hull
box
triangles
convex_hull
box
triangles
convex_hull
box
triangles
convex_hull
box
triangles
convex_hull
box
triangles
convex_hull
[explore] 018/80 FAIL  score=-inf region=r2_c2
          fail: post_fr: all rotation/arm candidates failed; fail_counter={'pair_collision': 0, 'mesh_clearance': 0, 'robot_home_collision': 0, 'upright_constraint': 0, 'staging_arm_keepout': 0, 'l2_pick_quick_check': 0, 'home_clearance': 0, 'no_common_gids': 24, 'reason_exception': 0}
box
triangles
convex_hull
box
triangles
convex_hull
box
triangles
convex_hull
box
triangles
convex_hull
box
triangles
convex_hull
box
triangles
convex_hull
box
triangles
convex_hull
box
triangles
convex_hull
box
triangles
convex_hull
box
triangles
convex_hull
box
triangles
convex_hull
box
triangles
convex_hull
box
triangles
convex_hull
box
triangles
convex_hull
[explore] 019/80 L2_OK score=0.2509 region=r0_c1
box
triangles
convex_hull
box
triangles
convex_hull
box
triangles
convex_hull
box
triangles
convex_hull
box
triangles
convex_hull
box
triangles
convex_hull
box
triangles
convex_hull
box
triangles
convex_hull
box
triangles
convex_hull
box
triangles
convex_hull
box
triangles
convex_hull
box
triangles
convex_hull
box
triangles
convex_hull
box
triangles
convex_hull
[explore] 020/80 FAIL  score=-inf region=r0_c2
          fail: top_cross: all rotation/arm candidates failed; fail_counter={'pair_collision': 3, 'mesh_clearance': 1, 'robot_home_collision': 0, 'upright_constraint': 0, 'staging_arm_keepout': 0, 'l2_pick_quick_check': 0, 'home_clearance': 0, 'no_common_gids': 16, 'reason_exception': 0}
box
triangles
convex_hull
box
triangles
convex_hull
box
triangles
convex_hull
box
triangles
convex_hull
box
triangles
convex_hull
box
triangles
convex_hull
box
triangles
convex_hull
box
triangles
convex_hull
box
triangles
convex_hull
box
triangles
convex_hull
box
triangles
convex_hull
box
triangles
convex_hull
box
triangles
convex_hull
box
triangles
convex_hull
[explore] 021/80 FAIL  score=-inf region=r0_c0
          fail: post_fl: all rotation/arm candidates failed; fail_counter={'pair_collision': 3, 'mesh_clearance': 0, 'robot_home_collision': 0, 'upright_constraint': 0, 'staging_arm_keepout': 0, 'l2_pick_quick_check': 0, 'home_clearance': 0, 'no_common_gids': 18, 'reason_exception': 0}
box
triangles
convex_hull
box
triangles
convex_hull
box
triangles
convex_hull
box
triangles
convex_hull
box
triangles
convex_hull
box
triangles
convex_hull
box
triangles
convex_hull
box
triangles
convex_hull
box
triangles
convex_hull
box
triangles
convex_hull
box
triangles
convex_hull
box
triangles
convex_hull
box
triangles
convex_hull
box
triangles
convex_hull
[explore] 022/80 L2_OK score=0.6136 region=r1_c1
box
triangles
convex_hull
box
triangles
convex_hull
box
triangles
convex_hull
box
triangles
convex_hull
box
triangles
convex_hull
box
triangles
convex_hull
box
triangles
convex_hull
box
triangles
convex_hull
box
triangles
convex_hull
box
triangles
convex_hull
box
triangles
convex_hull
box
triangles
convex_hull
box
triangles
convex_hull
box
triangles
convex_hull
[explore] 023/80 FAIL  score=-inf region=r1_c2
          fail: post_br: all rotation/arm candidates failed; fail_counter={'pair_collision': 0, 'mesh_clearance': 12, 'robot_home_collision': 0, 'upright_constraint': 0, 'staging_arm_keepout': 0, 'l2_pick_quick_check': 0, 'home_clearance': 0, 'no_common_gids': 0, 'reason_exception': 0}
box
triangles
convex_hull
box
triangles
convex_hull
box
triangles
convex_hull
box
triangles
convex_hull
box
triangles
convex_hull
box
triangles
convex_hull
box
triangles
convex_hull
box
triangles
convex_hull
box
triangles
convex_hull
box
triangles
convex_hull
box
triangles
convex_hull
box
triangles
convex_hull
box
triangles
convex_hull
box
triangles
convex_hull
[explore] 024/80 L2_OK score=0.3719 region=r1_c0
box
triangles
convex_hull
box
triangles
convex_hull
box
triangles
convex_hull
box
triangles
convex_hull
box
triangles
convex_hull
box
triangles
convex_hull
box
triangles
convex_hull
box
triangles
convex_hull
box
triangles
convex_hull
box
triangles
convex_hull
box
triangles
convex_hull
box
triangles
convex_hull
box
triangles
convex_hull
box
triangles
convex_hull
[explore] 025/80 FAIL  score=-inf region=r2_c2
          fail: post_fr: all rotation/arm candidates failed; fail_counter={'pair_collision': 2, 'mesh_clearance': 0, 'robot_home_collision': 0, 'upright_constraint': 0, 'staging_arm_keepout': 0, 'l2_pick_quick_check': 0, 'home_clearance': 0, 'no_common_gids': 20, 'reason_exception': 0}
box
triangles
convex_hull
box
triangles
convex_hull
box
triangles
convex_hull
box
triangles
convex_hull
box
triangles
convex_hull
box
triangles
convex_hull
box
triangles
convex_hull
box
triangles
convex_hull
box
triangles
convex_hull
box
triangles
convex_hull
box
triangles
convex_hull
box
triangles
convex_hull
box
triangles
convex_hull
box
triangles
convex_hull
[explore] 026/80 L2_OK score=0.2115 region=r0_c1
box
triangles
convex_hull
box
triangles
convex_hull
box
triangles
convex_hull
box
triangles
convex_hull
box
triangles
convex_hull
box
triangles
convex_hull
box
triangles
convex_hull
box
triangles
convex_hull
box
triangles
convex_hull
box
triangles
convex_hull
box
triangles
convex_hull
box
triangles
convex_hull
box
triangles
convex_hull
box
triangles
convex_hull
[explore] 027/80 FAIL  score=-inf region=r0_c2
          fail: post_br: all rotation/arm candidates failed; fail_counter={'pair_collision': 0, 'mesh_clearance': 0, 'robot_home_collision': 12, 'upright_constraint': 0, 'staging_arm_keepout': 0, 'l2_pick_quick_check': 0, 'home_clearance': 0, 'no_common_gids': 0, 'reason_exception': 0}
box
triangles
convex_hull
box
triangles
convex_hull
box
triangles
convex_hull
box
triangles
convex_hull
box
triangles
convex_hull
box
triangles
convex_hull
box
triangles
convex_hull
box
triangles
convex_hull
box
triangles
convex_hull
box
triangles
convex_hull
box
triangles
convex_hull
box
triangles
convex_hull
box
triangles
convex_hull
box
triangles
convex_hull
[explore] 028/80 FAIL  score=-inf region=r0_c0
          fail: post_br: all rotation/arm candidates failed; fail_counter={'pair_collision': 0, 'mesh_clearance': 2, 'robot_home_collision': 0, 'upright_constraint': 0, 'staging_arm_keepout': 0, 'l2_pick_quick_check': 0, 'home_clearance': 0, 'no_common_gids': 20, 'reason_exception': 0}
box
triangles
convex_hull
box
triangles
convex_hull
box
triangles
convex_hull
box
triangles
convex_hull
box
triangles
convex_hull
box
triangles
convex_hull
box
triangles
convex_hull
box
triangles
convex_hull
box
triangles
convex_hull
box
triangles
convex_hull
box
triangles
convex_hull
box
triangles
convex_hull
box
triangles
convex_hull
box
triangles
convex_hull
[explore] 029/80 FAIL  score=-inf region=r1_c1
          fail: post_br: all rotation/arm candidates failed; fail_counter={'pair_collision': 0, 'mesh_clearance': 12, 'robot_home_collision': 0, 'upright_constraint': 0, 'staging_arm_keepout': 0, 'l2_pick_quick_check': 0, 'home_clearance': 0, 'no_common_gids': 0, 'reason_exception': 0}
box
triangles
convex_hull
box
triangles
convex_hull
box
triangles
convex_hull
box
triangles
convex_hull
box
triangles
convex_hull
box
triangles
convex_hull
box
triangles
convex_hull
box
triangles
convex_hull
box
triangles
convex_hull
box
triangles
convex_hull
box
triangles
convex_hull
box
triangles
convex_hull
box
triangles
convex_hull
box
triangles
convex_hull
[explore] 030/80 FAIL  score=-inf region=r1_c2
          fail: post_br: all rotation/arm candidates failed; fail_counter={'pair_collision': 2, 'mesh_clearance': 10, 'robot_home_collision': 0, 'upright_constraint': 0, 'staging_arm_keepout': 0, 'l2_pick_quick_check': 0, 'home_clearance': 0, 'no_common_gids': 0, 'reason_exception': 0}
box
triangles
convex_hull
box
triangles
convex_hull
box
triangles
convex_hull
box
triangles
convex_hull
box
triangles
convex_hull
box
triangles
convex_hull
box
triangles
convex_hull
box
triangles
convex_hull
box
triangles
convex_hull
box
triangles
convex_hull
box
triangles
convex_hull
box
triangles
convex_hull
box
triangles
convex_hull
box
triangles
convex_hull
[explore] 031/80 FAIL  score=-inf region=r1_c0
          fail: post_br: all rotation/arm candidates failed; fail_counter={'pair_collision': 0, 'mesh_clearance': 0, 'robot_home_collision': 0, 'upright_constraint': 0, 'staging_arm_keepout': 0, 'l2_pick_quick_check': 0, 'home_clearance': 0, 'no_common_gids': 24, 'reason_exception': 0}
box
triangles
convex_hull
box
triangles
convex_hull
box
triangles
convex_hull
box
triangles
convex_hull
box
triangles
convex_hull
box
triangles
convex_hull
box
triangles
convex_hull
box
triangles
convex_hull
box
triangles
convex_hull
box
triangles
convex_hull
box
triangles
convex_hull
box
triangles
convex_hull
box
triangles
convex_hull
box
triangles
convex_hull
[explore] 032/80 FAIL  score=-inf region=r2_c2
          fail: post_fr: all rotation/arm candidates failed; fail_counter={'pair_collision': 2, 'mesh_clearance': 0, 'robot_home_collision': 0, 'upright_constraint': 0, 'staging_arm_keepout': 0, 'l2_pick_quick_check': 0, 'home_clearance': 0, 'no_common_gids': 20, 'reason_exception': 0}
box
triangles
convex_hull
box
triangles
convex_hull
box
triangles
convex_hull
box
triangles
convex_hull
box
triangles
convex_hull
box
triangles
convex_hull
box
triangles
convex_hull
box
triangles
convex_hull
box
triangles
convex_hull
box
triangles
convex_hull
box
triangles
convex_hull
box
triangles
convex_hull
box
triangles
convex_hull
box
triangles
convex_hull
[explore] 033/80 L2_OK score=0.2595 region=r0_c1
box
triangles
convex_hull
box
triangles
convex_hull
box
triangles
convex_hull
box
triangles
convex_hull
box
triangles
convex_hull
box
triangles
convex_hull
box
triangles
convex_hull
box
triangles
convex_hull
box
triangles
convex_hull
box
triangles
convex_hull
box
triangles
convex_hull
box
triangles
convex_hull
box
triangles
convex_hull
box
triangles
convex_hull
[explore] 034/80 FAIL  score=-inf region=r0_c2
          fail: post_br: all rotation/arm candidates failed; fail_counter={'pair_collision': 0, 'mesh_clearance': 0, 'robot_home_collision': 0, 'upright_constraint': 0, 'staging_arm_keepout': 0, 'l2_pick_quick_check': 0, 'home_clearance': 0, 'no_common_gids': 24, 'reason_exception': 0}
box
triangles
convex_hull
box
triangles
convex_hull
box
triangles
convex_hull
box
triangles
convex_hull
box
triangles
convex_hull
box
triangles
convex_hull
box
triangles
convex_hull
box
triangles
convex_hull
box
triangles
convex_hull
box
triangles
convex_hull
box
triangles
convex_hull
box
triangles
convex_hull
box
triangles
convex_hull
box
triangles
convex_hull
[explore] 035/80 FAIL  score=-inf region=r0_c0
          fail: post_br: all rotation/arm candidates failed; fail_counter={'pair_collision': 0, 'mesh_clearance': 0, 'robot_home_collision': 0, 'upright_constraint': 0, 'staging_arm_keepout': 8, 'l2_pick_quick_check': 0, 'home_clearance': 0, 'no_common_gids': 8, 'reason_exception': 0}
box
triangles
convex_hull
box
triangles
convex_hull
box
triangles
convex_hull
box
triangles
convex_hull
box
triangles
convex_hull
box
triangles
convex_hull
box
triangles
convex_hull
box
triangles
convex_hull
box
triangles
convex_hull
box
triangles
convex_hull
box
triangles
convex_hull
box
triangles
convex_hull
box
triangles
convex_hull
box
triangles
convex_hull
[explore] 036/80 FAIL  score=-inf region=r1_c1
          fail: post_br: all rotation/arm candidates failed; fail_counter={'pair_collision': 2, 'mesh_clearance': 0, 'robot_home_collision': 0, 'upright_constraint': 0, 'staging_arm_keepout': 4, 'l2_pick_quick_check': 0, 'home_clearance': 0, 'no_common_gids': 12, 'reason_exception': 0}
box
triangles
convex_hull
box
triangles
convex_hull
box
triangles
convex_hull
box
triangles
convex_hull
box
triangles
convex_hull
box
triangles
convex_hull
box
triangles
convex_hull
box
triangles
convex_hull
box
triangles
convex_hull
box
triangles
convex_hull
box
triangles
convex_hull
box
triangles
convex_hull
box
triangles
convex_hull
box
triangles
convex_hull
[explore] 037/80 FAIL  score=-inf region=r1_c2
          fail: post_br: all rotation/arm candidates failed; fail_counter={'pair_collision': 0, 'mesh_clearance': 12, 'robot_home_collision': 0, 'upright_constraint': 0, 'staging_arm_keepout': 0, 'l2_pick_quick_check': 0, 'home_clearance': 0, 'no_common_gids': 0, 'reason_exception': 0}
box
triangles
convex_hull
box
triangles
convex_hull
box
triangles
convex_hull
box
triangles
convex_hull
box
triangles
convex_hull
box
triangles
convex_hull
box
triangles
convex_hull
box
triangles
convex_hull
box
triangles
convex_hull
box
triangles
convex_hull
box
triangles
convex_hull
box
triangles
convex_hull
box
triangles
convex_hull
box
triangles
convex_hull
[explore] 038/80 L2_OK score=0.4838 region=r1_c0
box
triangles
convex_hull
box
triangles
convex_hull
box
triangles
convex_hull
box
triangles
convex_hull
box
triangles
convex_hull
box
triangles
convex_hull
box
triangles
convex_hull
box
triangles
convex_hull
box
triangles
convex_hull
box
triangles
convex_hull
box
triangles
convex_hull
box
triangles
convex_hull
box
triangles
convex_hull
box
triangles
convex_hull
[explore] 039/80 FAIL  score=-inf region=r2_c2
          fail: post_fr: all rotation/arm candidates failed; fail_counter={'pair_collision': 0, 'mesh_clearance': 0, 'robot_home_collision': 0, 'upright_constraint': 0, 'staging_arm_keepout': 6, 'l2_pick_quick_check': 0, 'home_clearance': 2, 'no_common_gids': 8, 'reason_exception': 0}
box
triangles
convex_hull
box
triangles
convex_hull
box
triangles
convex_hull
box
triangles
convex_hull
box
triangles
convex_hull
box
triangles
convex_hull
box
triangles
convex_hull
box
triangles
convex_hull
box
triangles
convex_hull
box
triangles
convex_hull
box
triangles
convex_hull
box
triangles
convex_hull
box
triangles
convex_hull
box
triangles
convex_hull
[explore] 040/80 FAIL  score=-inf region=r0_c1
          fail: post_br: all rotation/arm candidates failed; fail_counter={'pair_collision': 0, 'mesh_clearance': 0, 'robot_home_collision': 2, 'upright_constraint': 0, 'staging_arm_keepout': 4, 'l2_pick_quick_check': 0, 'home_clearance': 0, 'no_common_gids': 12, 'reason_exception': 0}
box
triangles
convex_hull
box
triangles
convex_hull
box
triangles
convex_hull
box
triangles
convex_hull
box
triangles
convex_hull
box
triangles
convex_hull
box
triangles
convex_hull
box
triangles
convex_hull
box
triangles
convex_hull
box
triangles
convex_hull
box
triangles
convex_hull
box
triangles
convex_hull
box
triangles
convex_hull
box
triangles
convex_hull
[explore] 041/80 FAIL  score=-inf region=r0_c2
          fail: post_br: all rotation/arm candidates failed; fail_counter={'pair_collision': 0, 'mesh_clearance': 0, 'robot_home_collision': 0, 'upright_constraint': 0, 'staging_arm_keepout': 0, 'l2_pick_quick_check': 0, 'home_clearance': 0, 'no_common_gids': 24, 'reason_exception': 0}
box
triangles
convex_hull
box
triangles
convex_hull
box
triangles
convex_hull
box
triangles
convex_hull
box
triangles
convex_hull
box
triangles
convex_hull
box
triangles
convex_hull
box
triangles
convex_hull
box
triangles
convex_hull
box
triangles
convex_hull
box
triangles
convex_hull
box
triangles
convex_hull
box
triangles
convex_hull
box
triangles
convex_hull
[explore] 042/80 FAIL  score=-inf region=r0_c0
          fail: post_fl: all rotation/arm candidates failed; fail_counter={'pair_collision': 1, 'mesh_clearance': 0, 'robot_home_collision': 0, 'upright_constraint': 0, 'staging_arm_keepout': 0, 'l2_pick_quick_check': 0, 'home_clearance': 0, 'no_common_gids': 22, 'reason_exception': 0}
box
triangles
convex_hull
box
triangles
convex_hull
box
triangles
convex_hull
box
triangles
convex_hull
box
triangles
convex_hull
box
triangles
convex_hull
box
triangles
convex_hull
box
triangles
convex_hull
box
triangles
convex_hull
box
triangles
convex_hull
box
triangles
convex_hull
box
triangles
convex_hull
box
triangles
convex_hull
box
triangles
convex_hull
[explore] 043/80 L2_OK score=0.4743 region=r1_c1
box
triangles
convex_hull
box
triangles
convex_hull
box
triangles
convex_hull
box
triangles
convex_hull
box
triangles
convex_hull
box
triangles
convex_hull
box
triangles
convex_hull
box
triangles
convex_hull
box
triangles
convex_hull
box
triangles
convex_hull
box
triangles
convex_hull
box
triangles
convex_hull
box
triangles
convex_hull
box
triangles
convex_hull
[explore] 044/80 L2_OK score=0.5914 region=r1_c2
box
triangles
convex_hull
box
triangles
convex_hull
box
triangles
convex_hull
box
triangles
convex_hull
box
triangles
convex_hull
box
triangles
convex_hull
box
triangles
convex_hull
box
triangles
convex_hull
box
triangles
convex_hull
box
triangles
convex_hull
box
triangles
convex_hull
box
triangles
convex_hull
box
triangles
convex_hull
box
triangles
convex_hull
[explore] 045/80 FAIL  score=-inf region=r1_c0
          fail: top_cross: all rotation/arm candidates failed; fail_counter={'pair_collision': 0, 'mesh_clearance': 0, 'robot_home_collision': 0, 'upright_constraint': 0, 'staging_arm_keepout': 0, 'l2_pick_quick_check': 0, 'home_clearance': 0, 'no_common_gids': 24, 'reason_exception': 0}
box
triangles
convex_hull
box
triangles
convex_hull
box
triangles
convex_hull
box
triangles
convex_hull
box
triangles
convex_hull
box
triangles
convex_hull
box
triangles
convex_hull
box
triangles
convex_hull
box
triangles
convex_hull
box
triangles
convex_hull
box
triangles
convex_hull
box
triangles
convex_hull
box
triangles
convex_hull
box
triangles
convex_hull
[explore] 046/80 L2_OK score=0.2973 region=r2_c2
box
triangles
convex_hull
box
triangles
convex_hull
box
triangles
convex_hull
box
triangles
convex_hull
box
triangles
convex_hull
box
triangles
convex_hull
box
triangles
convex_hull
box
triangles
convex_hull
box
triangles
convex_hull
box
triangles
convex_hull
box
triangles
convex_hull
box
triangles
convex_hull
box
triangles
convex_hull
box
triangles
convex_hull
[explore] 047/80 L2_OK score=0.3021 region=r0_c1
box
triangles
convex_hull
box
triangles
convex_hull
box
triangles
convex_hull
box
triangles
convex_hull
box
triangles
convex_hull
box
triangles
convex_hull
box
triangles
convex_hull
box
triangles
convex_hull
box
triangles
convex_hull
box
triangles
convex_hull
box
triangles
convex_hull
box
triangles
convex_hull
box
triangles
convex_hull
box
triangles
convex_hull
[explore] 048/80 FAIL  score=-inf region=r0_c2
          fail: post_bl: all rotation/arm candidates failed; fail_counter={'pair_collision': 0, 'mesh_clearance': 0, 'robot_home_collision': 4, 'upright_constraint': 0, 'staging_arm_keepout': 2, 'l2_pick_quick_check': 0, 'home_clearance': 2, 'no_common_gids': 8, 'reason_exception': 0}
box
triangles
convex_hull
box
triangles
convex_hull
box
triangles
convex_hull
box
triangles
convex_hull
box
triangles
convex_hull
box
triangles
convex_hull
box
triangles
convex_hull
box
triangles
convex_hull
box
triangles
convex_hull
box
triangles
convex_hull
box
triangles
convex_hull
box
triangles
convex_hull
box
triangles
convex_hull
box
triangles
convex_hull
[explore] 049/80 FAIL  score=-inf region=r0_c0
          fail: post_bl: all rotation/arm candidates failed; fail_counter={'pair_collision': 0, 'mesh_clearance': 0, 'robot_home_collision': 0, 'upright_constraint': 0, 'staging_arm_keepout': 0, 'l2_pick_quick_check': 0, 'home_clearance': 0, 'no_common_gids': 24, 'reason_exception': 0}
box
triangles
convex_hull
box
triangles
convex_hull
box
triangles
convex_hull
box
triangles
convex_hull
box
triangles
convex_hull
box
triangles
convex_hull
box
triangles
convex_hull
box
triangles
convex_hull
box
triangles
convex_hull
box
triangles
convex_hull
box
triangles
convex_hull
box
triangles
convex_hull
box
triangles
convex_hull
box
triangles
convex_hull
[explore] 050/80 FAIL  score=-inf region=r1_c1
          fail: post_br: all rotation/arm candidates failed; fail_counter={'pair_collision': 1, 'mesh_clearance': 0, 'robot_home_collision': 0, 'upright_constraint': 0, 'staging_arm_keepout': 0, 'l2_pick_quick_check': 0, 'home_clearance': 0, 'no_common_gids': 22, 'reason_exception': 0}
box
triangles
convex_hull
box
triangles
convex_hull
box
triangles
convex_hull
box
triangles
convex_hull
box
triangles
convex_hull
box
triangles
convex_hull
box
triangles
convex_hull
box
triangles
convex_hull
box
triangles
convex_hull
box
triangles
convex_hull
box
triangles
convex_hull
box
triangles
convex_hull
box
triangles
convex_hull
box
triangles
convex_hull
[explore] 051/80 L2_OK score=0.3564 region=r1_c2
box
triangles
convex_hull
box
triangles
convex_hull
box
triangles
convex_hull
box
triangles
convex_hull
box
triangles
convex_hull
box
triangles
convex_hull
box
triangles
convex_hull
box
triangles
convex_hull
box
triangles
convex_hull
box
triangles
convex_hull
box
triangles
convex_hull
box
triangles
convex_hull
box
triangles
convex_hull
box
triangles
convex_hull
[explore] 052/80 L2_OK score=0.3537 region=r1_c0
box
triangles
convex_hull
box
triangles
convex_hull
box
triangles
convex_hull
box
triangles
convex_hull
box
triangles
convex_hull
box
triangles
convex_hull
box
triangles
convex_hull
box
triangles
convex_hull
box
triangles
convex_hull
box
triangles
convex_hull
box
triangles
convex_hull
box
triangles
convex_hull
box
triangles
convex_hull
box
triangles
convex_hull
[explore] 053/80 FAIL  score=-inf region=r2_c2
          fail: post_br: all rotation/arm candidates failed; fail_counter={'pair_collision': 2, 'mesh_clearance': 0, 'robot_home_collision': 0, 'upright_constraint': 0, 'staging_arm_keepout': 0, 'l2_pick_quick_check': 0, 'home_clearance': 0, 'no_common_gids': 20, 'reason_exception': 0}
box
triangles
convex_hull
box
triangles
convex_hull
box
triangles
convex_hull
box
triangles
convex_hull
box
triangles
convex_hull
box
triangles
convex_hull
box
triangles
convex_hull
box
triangles
convex_hull
box
triangles
convex_hull
box
triangles
convex_hull
box
triangles
convex_hull
box
triangles
convex_hull
box
triangles
convex_hull
box
triangles
convex_hull
[explore] 054/80 FAIL  score=-inf region=r0_c1
          fail: top_cross: all rotation/arm candidates failed; fail_counter={'pair_collision': 0, 'mesh_clearance': 0, 'robot_home_collision': 0, 'upright_constraint': 0, 'staging_arm_keepout': 0, 'l2_pick_quick_check': 0, 'home_clearance': 0, 'no_common_gids': 24, 'reason_exception': 0}
box
triangles
convex_hull
box
triangles
convex_hull
box
triangles
convex_hull
box
triangles
convex_hull
box
triangles
convex_hull
box
triangles
convex_hull
box
triangles
convex_hull
box
triangles
convex_hull
box
triangles
convex_hull
box
triangles
convex_hull
box
triangles
convex_hull
box
triangles
convex_hull
box
triangles
convex_hull
box
triangles
convex_hull
[explore] 055/80 FAIL  score=-inf region=r0_c2
          fail: post_br: all rotation/arm candidates failed; fail_counter={'pair_collision': 4, 'mesh_clearance': 0, 'robot_home_collision': 0, 'upright_constraint': 0, 'staging_arm_keepout': 0, 'l2_pick_quick_check': 0, 'home_clearance': 1, 'no_common_gids': 14, 'reason_exception': 0}
box
triangles
convex_hull
box
triangles
convex_hull
box
triangles
convex_hull
box
triangles
convex_hull
box
triangles
convex_hull
box
triangles
convex_hull
box
triangles
convex_hull
box
triangles
convex_hull
box
triangles
convex_hull
box
triangles
convex_hull
box
triangles
convex_hull
box
triangles
convex_hull
box
triangles
convex_hull
box
triangles
convex_hull
[explore] 056/80 FAIL  score=-inf region=r0_c0
          fail: post_br: all rotation/arm candidates failed; fail_counter={'pair_collision': 0, 'mesh_clearance': 0, 'robot_home_collision': 0, 'upright_constraint': 0, 'staging_arm_keepout': 0, 'l2_pick_quick_check': 0, 'home_clearance': 0, 'no_common_gids': 24, 'reason_exception': 0}
box
triangles
convex_hull
box
triangles
convex_hull
box
triangles
convex_hull
box
triangles
convex_hull
box
triangles
convex_hull
box
triangles
convex_hull
box
triangles
convex_hull
box
triangles
convex_hull
box
triangles
convex_hull
box
triangles
convex_hull
box
triangles
convex_hull
box
triangles
convex_hull
box
triangles
convex_hull
box
triangles
convex_hull
[explore] 057/80 L2_OK score=0.4851 region=r1_c1
box
triangles
convex_hull
box
triangles
convex_hull
box
triangles
convex_hull
box
triangles
convex_hull
box
triangles
convex_hull
box
triangles
convex_hull
box
triangles
convex_hull
box
triangles
convex_hull
box
triangles
convex_hull
box
triangles
convex_hull
box
triangles
convex_hull
box
triangles
convex_hull
box
triangles
convex_hull
box
triangles
convex_hull
[explore] 058/80 L2_OK score=0.3556 region=r1_c2
box
triangles
convex_hull
box
triangles
convex_hull
box
triangles
convex_hull
box
triangles
convex_hull
box
triangles
convex_hull
box
triangles
convex_hull
box
triangles
convex_hull
box
triangles
convex_hull
box
triangles
convex_hull
box
triangles
convex_hull
box
triangles
convex_hull
box
triangles
convex_hull
box
triangles
convex_hull
box
triangles
convex_hull
[explore] 059/80 FAIL  score=-inf region=r1_c0
          fail: post_br: all rotation/arm candidates failed; fail_counter={'pair_collision': 0, 'mesh_clearance': 4, 'robot_home_collision': 0, 'upright_constraint': 0, 'staging_arm_keepout': 8, 'l2_pick_quick_check': 0, 'home_clearance': 0, 'no_common_gids': 0, 'reason_exception': 0}
box
triangles
convex_hull
box
triangles
convex_hull
box
triangles
convex_hull
box
triangles
convex_hull
box
triangles
convex_hull
box
triangles
convex_hull
box
triangles
convex_hull
box
triangles
convex_hull
box
triangles
convex_hull
box
triangles
convex_hull
box
triangles
convex_hull
box
triangles
convex_hull
box
triangles
convex_hull
box
triangles
convex_hull
[explore] 060/80 FAIL  score=-inf region=r2_c2
          fail: post_br: all rotation/arm candidates failed; fail_counter={'pair_collision': 2, 'mesh_clearance': 0, 'robot_home_collision': 2, 'upright_constraint': 0, 'staging_arm_keepout': 0, 'l2_pick_quick_check': 0, 'home_clearance': 0, 'no_common_gids': 16, 'reason_exception': 0}
box
triangles
convex_hull
box
triangles
convex_hull
box
triangles
convex_hull
box
triangles
convex_hull
box
triangles
convex_hull
box
triangles
convex_hull
box
triangles
convex_hull
box
triangles
convex_hull
box
triangles
convex_hull
box
triangles
convex_hull
box
triangles
convex_hull
box
triangles
convex_hull
box
triangles
convex_hull
box
triangles
convex_hull
[explore] 061/80 FAIL  score=-inf region=r0_c1
          fail: post_fl: all rotation/arm candidates failed; fail_counter={'pair_collision': 4, 'mesh_clearance': 0, 'robot_home_collision': 0, 'upright_constraint': 0, 'staging_arm_keepout': 0, 'l2_pick_quick_check': 0, 'home_clearance': 0, 'no_common_gids': 16, 'reason_exception': 0}
box
triangles
convex_hull
box
triangles
convex_hull
box
triangles
convex_hull
box
triangles
convex_hull
box
triangles
convex_hull
box
triangles
convex_hull
box
triangles
convex_hull
box
triangles
convex_hull
box
triangles
convex_hull
box
triangles
convex_hull
box
triangles
convex_hull
box
triangles
convex_hull
box
triangles
convex_hull
box
triangles
convex_hull
[explore] 062/80 FAIL  score=-inf region=r0_c2
          fail: post_br: all rotation/arm candidates failed; fail_counter={'pair_collision': 0, 'mesh_clearance': 0, 'robot_home_collision': 0, 'upright_constraint': 0, 'staging_arm_keepout': 8, 'l2_pick_quick_check': 0, 'home_clearance': 0, 'no_common_gids': 8, 'reason_exception': 0}
box
triangles
convex_hull
box
triangles
convex_hull
box
triangles
convex_hull
box
triangles
convex_hull
box
triangles
convex_hull
box
triangles
convex_hull
box
triangles
convex_hull
box
triangles
convex_hull
box
triangles
convex_hull
box
triangles
convex_hull
box
triangles
convex_hull
box
triangles
convex_hull
box
triangles
convex_hull
box
triangles
convex_hull
[explore] 063/80 FAIL  score=-inf region=r0_c0
          fail: post_fl: all rotation/arm candidates failed; fail_counter={'pair_collision': 4, 'mesh_clearance': 0, 'robot_home_collision': 0, 'upright_constraint': 0, 'staging_arm_keepout': 0, 'l2_pick_quick_check': 0, 'home_clearance': 0, 'no_common_gids': 16, 'reason_exception': 0}
box
triangles
convex_hull
box
triangles
convex_hull
box
triangles
convex_hull
box
triangles
convex_hull
box
triangles
convex_hull
box
triangles
convex_hull
box
triangles
convex_hull
box
triangles
convex_hull
box
triangles
convex_hull
box
triangles
convex_hull
box
triangles
convex_hull
box
triangles
convex_hull
box
triangles
convex_hull
box
triangles
convex_hull
[explore] 064/80 FAIL  score=-inf region=r1_c1
          fail: post_br: all rotation/arm candidates failed; fail_counter={'pair_collision': 0, 'mesh_clearance': 0, 'robot_home_collision': 2, 'upright_constraint': 0, 'staging_arm_keepout': 0, 'l2_pick_quick_check': 0, 'home_clearance': 0, 'no_common_gids': 20, 'reason_exception': 0}
box
triangles
convex_hull
box
triangles
convex_hull
box
triangles
convex_hull
box
triangles
convex_hull
box
triangles
convex_hull
box
triangles
convex_hull
box
triangles
convex_hull
box
triangles
convex_hull
box
triangles
convex_hull
box
triangles
convex_hull
box
triangles
convex_hull
box
triangles
convex_hull
box
triangles
convex_hull
box
triangles
convex_hull
[explore] 065/80 L2_OK score=0.5873 region=r1_c2
box
triangles
convex_hull
box
triangles
convex_hull
box
triangles
convex_hull
box
triangles
convex_hull
box
triangles
convex_hull
box
triangles
convex_hull
box
triangles
convex_hull
box
triangles
convex_hull
box
triangles
convex_hull
box
triangles
convex_hull
box
triangles
convex_hull
box
triangles
convex_hull
box
triangles
convex_hull
box
triangles
convex_hull
[explore] 066/80 FAIL  score=-inf region=r1_c0
          fail: post_br: all rotation/arm candidates failed; fail_counter={'pair_collision': 0, 'mesh_clearance': 0, 'robot_home_collision': 6, 'upright_constraint': 0, 'staging_arm_keepout': 6, 'l2_pick_quick_check': 0, 'home_clearance': 0, 'no_common_gids': 0, 'reason_exception': 0}
box
triangles
convex_hull
box
triangles
convex_hull
box
triangles
convex_hull
box
triangles
convex_hull
box
triangles
convex_hull
box
triangles
convex_hull
box
triangles
convex_hull
box
triangles
convex_hull
box
triangles
convex_hull
box
triangles
convex_hull
box
triangles
convex_hull
box
triangles
convex_hull
box
triangles
convex_hull
box
triangles
convex_hull
[explore] 067/80 FAIL  score=-inf region=r2_c2
          fail: post_br: all rotation/arm candidates failed; fail_counter={'pair_collision': 2, 'mesh_clearance': 0, 'robot_home_collision': 0, 'upright_constraint': 0, 'staging_arm_keepout': 0, 'l2_pick_quick_check': 0, 'home_clearance': 0, 'no_common_gids': 20, 'reason_exception': 0}
box
triangles
convex_hull
box
triangles
convex_hull
box
triangles
convex_hull
box
triangles
convex_hull
box
triangles
convex_hull
box
triangles
convex_hull
box
triangles
convex_hull
box
triangles
convex_hull
box
triangles
convex_hull
box
triangles
convex_hull
box
triangles
convex_hull
box
triangles
convex_hull
box
triangles
convex_hull
box
triangles
convex_hull
[explore] 068/80 FAIL  score=-inf region=r0_c1
          fail: post_br: all rotation/arm candidates failed; fail_counter={'pair_collision': 1, 'mesh_clearance': 0, 'robot_home_collision': 0, 'upright_constraint': 0, 'staging_arm_keepout': 0, 'l2_pick_quick_check': 0, 'home_clearance': 0, 'no_common_gids': 22, 'reason_exception': 0}
box
triangles
convex_hull
box
triangles
convex_hull
box
triangles
convex_hull
box
triangles
convex_hull
box
triangles
convex_hull
box
triangles
convex_hull
box
triangles
convex_hull
box
triangles
convex_hull
box
triangles
convex_hull
box
triangles
convex_hull
box
triangles
convex_hull
box
triangles
convex_hull
box
triangles
convex_hull
box
triangles
convex_hull
[explore] 069/80 L2_OK score=0.3847 region=r0_c2
box
triangles
convex_hull
box
triangles
convex_hull
box
triangles
convex_hull
box
triangles
convex_hull
box
triangles
convex_hull
box
triangles
convex_hull
box
triangles
convex_hull
box
triangles
convex_hull
box
triangles
convex_hull
box
triangles
convex_hull
box
triangles
convex_hull
box
triangles
convex_hull
box
triangles
convex_hull
box
triangles
convex_hull
[explore] 070/80 FAIL  score=-inf region=r0_c0
          fail: post_bl: all rotation/arm candidates failed; fail_counter={'pair_collision': 0, 'mesh_clearance': 0, 'robot_home_collision': 0, 'upright_constraint': 0, 'staging_arm_keepout': 0, 'l2_pick_quick_check': 0, 'home_clearance': 0, 'no_common_gids': 24, 'reason_exception': 0}
box
triangles
convex_hull
box
triangles
convex_hull
box
triangles
convex_hull
box
triangles
convex_hull
box
triangles
convex_hull
box
triangles
convex_hull
box
triangles
convex_hull
box
triangles
convex_hull
box
triangles
convex_hull
box
triangles
convex_hull
box
triangles
convex_hull
box
triangles
convex_hull
box
triangles
convex_hull
box
triangles
convex_hull
[explore] 071/80 FAIL  score=-inf region=r1_c1
Traceback (most recent call last):
  File "D:\Soft\tools\anaconda\envs\spatialvla\lib\runpy.py", line 196, in _run_module_as_main
    return _run_code(code, main_globals, None,
  File "D:\Soft\tools\anaconda\envs\spatialvla\lib\runpy.py", line 86, in _run_code
    exec(code, run_globals)
  File "D:\Project\wrs-sealp\sealp\examples\layout\find_optimal_initial_layout_tower_global.py", line 389, in <module>
    main()
  File "D:\Project\wrs-sealp\sealp\examples\layout\find_optimal_initial_layout_tower_global.py", line 379, in main
    fol.main()
  File "D:\Project\wrs-sealp\sealp\examples\layout\find_optimal_initial_layout_tower_strict_pycharm.py", line 3436, in main
    best = searcher.random_search(
  File "D:\Project\wrs-sealp\sealp\examples\layout\find_optimal_initial_layout_tower_global.py", line 285, in random_search
    refined.append(self._pattern_refine(c, steps, rounds, diagonal, verbose))
  File "D:\Project\wrs-sealp\sealp\examples\layout\find_optimal_initial_layout_tower_global.py", line 169, in _pattern_refine
    child = self._evaluate_gene(trial_xy, region)
  File "D:\Project\wrs-sealp\sealp\examples\layout\find_optimal_initial_layout_tower_nsga2_v1.py", line 225, in _evaluate_gene
    ok = bool(self.evaluate_layout(cand))
  File "D:\Project\wrs-sealp\sealp\examples\layout\find_optimal_initial_layout_tower_strict_pycharm_fast.py", line 942, in evaluate_layout
    return super().evaluate_layout(layout)
  File "D:\Project\wrs-sealp\sealp\examples\layout\find_optimal_initial_layout_tower_strict_pycharm.py", line 2369, in evaluate_layout
    gids = planner.reason_common_gids(
  File "D:\Project\wrs-sealp\sealp\examples\layout\find_optimal_initial_layout_tower_strict_pycharm_fast.py", line 502, in _cached_reason_common_gids
    feasible = _pose_feasible_gids(
  File "D:\Project\wrs-sealp\sealp\examples\layout\find_optimal_initial_layout_tower_strict_pycharm_fast.py", line 456, in _pose_feasible_gids
    jnt_values = robot.ik(tgt_pos=jaw_center_pos, tgt_rotmat=jaw_center_rotmat)
  File "D:\Project\wrs-sealp\wrs\robot_sim\robots\single_arm_robot_interface.py", line 151, in ik
    return self._manipulator.ik(tgt_pos=tgt_pos,
  File "D:\Project\wrs-sealp\wrs\robot_sim\manipulators\panthera_ht\panthera_ht.py", line 200, in ik
    return self._ik_solver.ik(tgt_pos_base, tgt_rotmat_base, seed_jnt_values=seed)
  File "D:\Soft\tools\anaconda\envs\spatialvla\lib\site-packages\pytracik-0.0.2-py3.10-win-amd64.egg\trac_ik\trac_ik.py", line 179, in ik
    r = pytracik.ik(self._ik_solver, seed_jnt_values, tgt_pos[0], tgt_pos[1], tgt_pos[2], qx, qy, qz, qw)
KeyboardInterrupt
          fail: top_cross: all rotation/arm candidates failed; fail_counter={'pair_collision': 0, 'mesh_clearance': 2, 'robot_home_collision': 0, 'upright_constraint': 0, 'staging_arm_keepout': 0, 'l2_pick_quick_check': 0, 'home_clearance': 0, 'no_common_gids': 20, 'reason_exception': 0}
box
triangles
convex_hull
box
triangles
convex_hull
box
triangles
convex_hull
box
triangles
convex_hull
box
triangles
convex_hull
box
triangles
convex_hull
box
triangles
convex_hull
box
triangles
convex_hull
box
triangles
convex_hull
box
triangles
convex_hull
box
triangles
convex_hull
box
triangles
convex_hull
box
triangles
convex_hull
box
triangles
convex_hull
[explore] 072/80 FAIL  score=-inf region=r1_c2
          fail: post_br: all rotation/arm candidates failed; fail_counter={'pair_collision': 2, 'mesh_clearance': 1, 'robot_home_collision': 3, 'upright_constraint': 0, 'staging_arm_keepout': 6, 'l2_pick_quick_check': 0, 'home_clearance': 0, 'no_common_gids': 0, 'reason_exception': 0}
box
triangles
convex_hull
box
triangles
convex_hull
box
triangles
convex_hull
box
triangles
convex_hull
box
triangles
convex_hull
box
triangles
convex_hull
box
triangles
convex_hull
box
triangles
convex_hull
box
triangles
convex_hull
box
triangles
convex_hull
box
triangles
convex_hull
box
triangles
convex_hull
box
triangles
convex_hull
box
triangles
convex_hull
[explore] 073/80 L2_OK score=0.5242 region=r1_c0
box
triangles
convex_hull
box
triangles
convex_hull
box
triangles
convex_hull
box
triangles
convex_hull
box
triangles
convex_hull
box
triangles
convex_hull
box
triangles
convex_hull
box
triangles
convex_hull
box
triangles
convex_hull
box
triangles
convex_hull
box
triangles
convex_hull
box
triangles
convex_hull
box
triangles
convex_hull
box
triangles
convex_hull
[explore] 074/80 FAIL  score=-inf region=r2_c2
          fail: post_br: all rotation/arm candidates failed; fail_counter={'pair_collision': 0, 'mesh_clearance': 0, 'robot_home_collision': 0, 'upright_constraint': 0, 'staging_arm_keepout': 0, 'l2_pick_quick_check': 0, 'home_clearance': 0, 'no_common_gids': 24, 'reason_exception': 0}
box
triangles
convex_hull
box
triangles
convex_hull
box
triangles
convex_hull
box
triangles
convex_hull
box
triangles
convex_hull
box
triangles
convex_hull
box
triangles
convex_hull
box
triangles
convex_hull
box
triangles
convex_hull
box
triangles
convex_hull
box
triangles
convex_hull
box
triangles
convex_hull
box
triangles
convex_hull
box
triangles
convex_hull
[explore] 075/80 FAIL  score=-inf region=r0_c1
          fail: post_bl: all rotation/arm candidates failed; fail_counter={'pair_collision': 0, 'mesh_clearance': 0, 'robot_home_collision': 0, 'upright_constraint': 0, 'staging_arm_keepout': 8, 'l2_pick_quick_check': 0, 'home_clearance': 0, 'no_common_gids': 8, 'reason_exception': 0}
box
triangles
convex_hull
box
triangles
convex_hull
box
triangles
convex_hull
box
triangles
convex_hull
box
triangles
convex_hull
box
triangles
convex_hull
box
triangles
convex_hull
box
triangles
convex_hull
box
triangles
convex_hull
box
triangles
convex_hull
box
triangles
convex_hull
box
triangles
convex_hull
box
triangles
convex_hull
box
triangles
convex_hull
[explore] 076/80 FAIL  score=-inf region=r0_c2
          fail: post_br: all rotation/arm candidates failed; fail_counter={'pair_collision': 0, 'mesh_clearance': 0, 'robot_home_collision': 0, 'upright_constraint': 0, 'staging_arm_keepout': 8, 'l2_pick_quick_check': 0, 'home_clearance': 0, 'no_common_gids': 8, 'reason_exception': 0}
box
triangles
convex_hull
box
triangles
convex_hull
box
triangles
convex_hull
box
triangles
convex_hull
box
triangles
convex_hull
box
triangles
convex_hull
box
triangles
convex_hull
box
triangles
convex_hull
box
triangles
convex_hull
box
triangles
convex_hull
box
triangles
convex_hull
box
triangles
convex_hull
box
triangles
convex_hull
box
triangles
convex_hull
[explore] 077/80 FAIL  score=-inf region=r0_c0
          fail: post_br: all rotation/arm candidates failed; fail_counter={'pair_collision': 0, 'mesh_clearance': 0, 'robot_home_collision': 0, 'upright_constraint': 0, 'staging_arm_keepout': 0, 'l2_pick_quick_check': 0, 'home_clearance': 0, 'no_common_gids': 24, 'reason_exception': 0}
box
triangles
convex_hull
box
triangles
convex_hull
box
triangles
convex_hull
box
triangles
convex_hull
box
triangles
convex_hull
box
triangles
convex_hull
box
triangles
convex_hull
box
triangles
convex_hull
box
triangles
convex_hull
box
triangles
convex_hull
box
triangles
convex_hull
box
triangles
convex_hull
box
triangles
convex_hull
box
triangles
convex_hull
[explore] 078/80 FAIL  score=-inf region=r1_c1
          fail: middle_plate: all rotation/arm candidates failed; fail_counter={'pair_collision': 0, 'mesh_clearance': 0, 'robot_home_collision': 1, 'upright_constraint': 1, 'staging_arm_keepout': 0, 'l2_pick_quick_check': 0, 'home_clearance': 10, 'no_common_gids': 0, 'reason_exception': 0}
box
triangles
convex_hull
box
triangles
convex_hull
box
triangles
convex_hull
box
triangles
convex_hull
box
triangles
convex_hull
box
triangles
convex_hull
box
triangles
convex_hull
box
triangles
convex_hull
box
triangles
convex_hull
box
triangles
convex_hull
box
triangles
convex_hull
box
triangles
convex_hull
box
triangles
convex_hull
box
triangles
convex_hull
[explore] 079/80 FAIL  score=-inf region=r1_c2
          fail: post_br: all rotation/arm candidates failed; fail_counter={'pair_collision': 3, 'mesh_clearance': 9, 'robot_home_collision': 0, 'upright_constraint': 0, 'staging_arm_keepout': 0, 'l2_pick_quick_check': 0, 'home_clearance': 0, 'no_common_gids': 0, 'reason_exception': 0}
box
triangles
convex_hull
box
triangles
convex_hull
box
triangles
convex_hull
box
triangles
convex_hull
box
triangles
convex_hull
box
triangles
convex_hull
box
triangles
convex_hull
box
triangles
convex_hull
box
triangles
convex_hull
box
triangles
convex_hull
box
triangles
convex_hull
box
triangles
convex_hull
box
triangles
convex_hull
box
triangles
convex_hull
[explore] 080/80 FAIL  score=-inf region=r1_c0
          fail: post_br: all rotation/arm candidates failed; fail_counter={'pair_collision': 1, 'mesh_clearance': 2, 'robot_home_collision': 0, 'upright_constraint': 0, 'staging_arm_keepout': 0, 'l2_pick_quick_check': 0, 'home_clearance': 0, 'no_common_gids': 18, 'reason_exception': 0}

Phase A 完成: 可行 22 个, 去重精英 5 个。
  elite#1 score=0.6136 region=r1_c1
  elite#2 score=0.5914 region=r1_c2
  elite#3 score=0.5873 region=r1_c2
  elite#4 score=0.5242 region=r1_c0
  elite#5 score=0.4900 region=r1_c1

---------- Phase B: pattern refine ----------
[refine] elite#1 (start score=0.6136) ...
box
triangles
convex_hull
box
triangles
convex_hull
box
triangles
convex_hull
box
triangles
convex_hull
box
triangles
convex_hull
box
triangles
convex_hull
box
triangles
convex_hull
box
triangles
convex_hull
box
triangles
convex_hull
box
triangles
convex_hull
box
triangles
convex_hull
box
triangles
convex_hull
box
triangles
convex_hull
box
triangles
convex_hull
box
triangles
convex_hull
box
triangles
convex_hull
box
triangles
convex_hull
box
triangles
convex_hull
box
triangles
convex_hull
box
triangles
convex_hull
box
triangles
convex_hull
box
triangles
convex_hull
box
triangles
convex_hull
box
triangles
convex_hull
box
triangles
convex_hull
box
triangles
convex_hull
box
triangles
convex_hull
box
triangles
convex_hull
box
triangles
convex_hull
box
triangles
convex_hull
box
triangles
convex_hull
box
triangles
convex_hull
box
triangles
convex_hull
box
triangles
convex_hull
box
triangles
convex_hull
box
triangles
convex_hull
box
triangles
convex_hull
box
triangles
convex_hull
box
triangles
convex_hull
box
triangles
convex_hull
box
triangles
convex_hull
box
triangles
convex_hull
box
triangles
convex_hull
box
triangles
convex_hull
box
triangles
convex_hull
box
triangles
convex_hull
box
triangles
convex_hull
box
triangles
convex_hull
box
triangles
convex_hull
box
triangles
convex_hull
box
triangles
convex_hull
box
triangles
convex_hull
box
triangles
convex_hull
box
triangles
convex_hull
box
triangles
convex_hull
box
triangles
convex_hull
box
triangles
convex_hull
box
triangles
convex_hull
box
triangles
convex_hull
box
triangles
convex_hull
box
triangles
convex_hull
box
triangles
convex_hull
box
triangles
convex_hull
box
triangles
convex_hull
box
triangles
convex_hull
box
triangles
convex_hull
box
triangles
convex_hull
box
triangles
convex_hull
box
triangles
convex_hull
box
triangles
convex_hull
box
triangles
convex_hull
box
triangles
convex_hull
box
triangles
convex_hull
box
triangles
convex_hull
box
triangles
convex_hull
box
triangles
convex_hull
box
triangles
convex_hull
box
triangles
convex_hull
box
triangles
convex_hull
box
triangles
convex_hull
box
triangles
convex_hull
box
triangles
convex_hull
box
triangles
convex_hull
box
triangles
convex_hull
box
triangles
convex_hull
box
triangles
convex_hull
box
triangles
convex_hull
box
triangles
convex_hull
box
triangles
convex_hull
box
triangles
convex_hull
box
triangles
convex_hull
box
triangles
convex_hull
box
triangles
convex_hull
box
triangles
convex_hull
box
triangles
convex_hull
box
triangles
convex_hull
box
triangles
convex_hull
box
triangles
convex_hull
box
triangles
convex_hull
box
triangles
convex_hull
box
triangles
convex_hull
box
triangles
convex_hull
box
triangles
convex_hull
box
triangles
convex_hull
box
triangles
convex_hull
box
triangles
convex_hull
box
triangles
convex_hull
box
triangles
convex_hull
box
triangles
convex_hull
box
triangles
convex_hull
box
triangles
convex_hull
box
triangles
convex_hull
box
triangles
convex_hull
box
triangles
convex_hull
box
triangles
convex_hull
box
triangles
convex_hull
box
triangles
convex_hull
box
triangles
convex_hull
box
triangles
convex_hull
box
triangles
convex_hull
box
triangles
convex_hull
box
triangles
convex_hull
box
triangles
convex_hull
box
triangles
convex_hull
box
triangles
convex_hull
box
triangles
convex_hull
box
triangles
convex_hull
box
triangles
convex_hull
box
triangles
convex_hull
box
triangles
convex_hull
box
triangles
convex_hull
box
triangles
convex_hull
box
triangles
convex_hull
box
triangles
convex_hull
box
triangles
convex_hull
box
triangles
convex_hull
box
triangles
convex_hull
box
triangles
convex_hull
box
triangles
convex_hull
box
triangles
convex_hull
box
triangles
convex_hull
box
triangles
convex_hull
box
triangles
convex_hull
box
triangles
convex_hull
box
triangles
convex_hull
box
triangles
convex_hull
box
triangles
convex_hull
box
triangles
convex_hull
box
triangles
convex_hull
box
triangles
convex_hull
box
triangles
convex_hull
box
triangles
convex_hull
box
triangles
convex_hull
box
triangles
convex_hull
box
triangles
convex_hull
box
triangles
convex_hull
box
triangles
convex_hull
box
triangles
convex_hull
box
triangles
convex_hull
box
triangles
convex_hull
box
triangles
convex_hull
box
triangles
convex_hull
box
triangles
convex_hull
box
triangles
convex_hull
box
triangles
convex_hull
box
triangles
convex_hull
box
triangles
convex_hull
box
triangles
convex_hull
box
triangles
convex_hull
box
triangles
convex_hull
box
triangles
convex_hull
box
triangles
convex_hull
box
triangles
convex_hull
box
triangles
convex_hull
box
triangles
convex_hull
box
triangles
convex_hull
box
triangles
convex_hull
box
triangles
convex_hull
box
triangles
convex_hull
box
triangles
convex_hull
box
triangles
convex_hull
box
triangles
convex_hull
box
triangles
convex_hull
box
triangles
convex_hull
box
triangles
convex_hull
box
triangles
convex_hull
box
triangles
convex_hull
box
triangles
convex_hull
box
triangles
convex_hull
box
triangles
convex_hull
box
triangles
convex_hull
box
triangles
convex_hull
box
triangles
convex_hull
box
triangles
convex_hull
box
triangles
convex_hull
box
triangles
convex_hull
box
triangles
convex_hull
box
triangles
convex_hull
box
triangles
convex_hull
box
triangles
convex_hull
box
triangles
convex_hull
box
triangles
convex_hull
box
triangles
convex_hull
box
triangles
convex_hull
box
triangles
convex_hull
box
triangles
convex_hull
box
triangles
convex_hull
box
triangles
convex_hull
box
triangles
convex_hull
box
triangles
convex_hull
box
triangles
convex_hull
box
triangles
convex_hull
box
triangles
convex_hull
box
triangles
convex_hull
box
triangles
convex_hull
box
triangles
convex_hull
box
triangles
convex_hull
box
triangles
convex_hull
box
triangles
convex_hull
box
triangles
convex_hull
box
triangles
convex_hull
box
triangles
convex_hull
box
triangles
convex_hull
box
triangles
convex_hull
box
triangles
convex_hull
box
triangles
convex_hull
box
triangles
convex_hull
box
triangles
convex_hull
box
triangles
convex_hull
box
triangles
convex_hull
box
triangles
convex_hull
box
triangles
convex_hull
box
triangles
convex_hull
box
triangles
convex_hull
box
triangles
convex_hull
box
triangles
convex_hull
box
triangles
convex_hull
box
triangles
convex_hull
[global] wall-clock total = 8208.563s

==============================================================================
  Per-pose IK Feasibility Cache
==============================================================================
  reason_common_gids pose lookups : 12942
    cache hits                    : 4236  (32.7%)
    cache misses (real IK passes) : 8706
  per-grasp IK evaluations        : 3046996
  MAX_GRASPS_PER_POSE             : 350
  [note] cache hit = 省掉一整轮(子集 grasp)的 IK + 双碰撞，主要来自
         每个零件 goal 位姿在多个旋转候选间的复用;
         MAX_GRASPS_PER_POSE 把每轮 grasp 数封顶，进一步压低 IK 总量
         (打分在 grasp≈60~80 已饱和，抽样对最终排序影响很小)。
==============================================================================
