[heatmap-pso] 姿态硬约束开启: topdown 抓取不足的件(如 middle_plate)必须立起, 禁止平放(避免夹爪插桌抓不到)
[heatmap-pso] 换手已取消: L3 全部走单臂验证(middle_plate 也单臂)
[heatmap-pso] config:
    hm_grid          = 12
    hm_cap           = 120
    hm_top_regions   = 2
    pso_particles    = 12
    pso_iters        = 8
    use_heatmap      = True
    use_pso          = False
    use_surrogate    = True
    rebuild_heatmap  = False
[heatmap-pso] sklearn available = True
[fast] installed per-pose IK feasibility cache on reason_common_gids
======================================================================
Tower Initial Layout Search [v9.5 NoL2DepartApproach + GoalYSideSampling]
asmdef    = D:\Project\wrs-sealp\sealp\assembly_sequence\_demo_output\topdown_tower.asmdef
config    = D:\Project\wrs-sealp\sealp\config\sample_config.yaml
grasp_dir = D:\Project\wrs-sealp\sealp\examples\grasp\tower_grasp
output    = D:\Project\wrs-sealp\sealp\examples\layout\_output\tower_optimal_initial.layout
L2 obs    = staging_aware
L3 enable = True, L3 obs = staging_aware, top_k = 3
assembly region search = True, grid=3, preassemble_first=True
assembly arm keepout   = False  # 3x3装配中心不按矩形距离过滤，只检查preassembled是否撞机械臂
staging arm keepout    = True, x_clearance=0.120m, y_clearance=0.120m
goal-y side sampling   = True, ratio=0.75, eps=0.005m
arm base xy used       = lft=(0.000,0.000), rgt=(0.000,-0.620)
flatsurface poses      = True, threshold=0.1
home collision check   = True
strict initial arm-box collision = True
min mesh clearance     = 0.0100 m
order-x constraint     = False, tol=0.030 m
y side score           = True
upright hard constraint = True, topdown_min=10
L2 pick quick check     = False, parts=middle_plate, lift=0.060m, dirs=z,x_plus,x_minus,y_plus,y_minus, tilt=0.350
robot home clearance    = 0.030m
======================================================================

========== Grasp pickle 检查 ==========
base_plate      : D:\Project\wrs-sealp\sealp\examples\grasp\tower_grasp\tower_base_plate_grasps.pickle  n=278  topdown(-Z)=4
post_br         : D:\Project\wrs-sealp\sealp\examples\grasp\tower_grasp\tower_post_grasps.pickle  n=876  topdown(-Z)=572
post_fr         : D:\Project\wrs-sealp\sealp\examples\grasp\tower_grasp\tower_post_grasps.pickle  n=876  topdown(-Z)=572
post_bl         : D:\Project\wrs-sealp\sealp\examples\grasp\tower_grasp\tower_post_grasps.pickle  n=876  topdown(-Z)=572
post_fl         : D:\Project\wrs-sealp\sealp\examples\grasp\tower_grasp\tower_post_grasps.pickle  n=876  topdown(-Z)=572
middle_plate    : D:\Project\wrs-sealp\sealp\examples\grasp\tower_grasp\tower_middle_plate_grasps.pickle  n=520  topdown(-Z)=0
top_cross       : D:\Project\wrs-sealp\sealp\examples\grasp\tower_grasp\tower_top_cross_grasps.pickle  n=531  topdown(-Z)=296

========== 自动旋转候选 ==========
use_flatsurface        = True
fs_stability_threshold = 0.1
[INFO] flatsurface loaded: wrs.manipulation.placement.flatsurface
base_plate      : 12 candidates
  [0] tag=identity             rot=identity     z_offset=0.0030 extent=[0.195, 0.15, 0.0243]
  [1] tag=fs_stable_lifted     rot=fs_00        z_offset=0.0273 extent=[0.244, 0.244, 0.0243]
  [2] tag=fs_upright_lifted    rot=fs_01        z_offset=0.0780 extent=[0.1551, 0.1551, 0.15]
  [3] tag=fs_upright_lifted    rot=fs_02        z_offset=0.0780 extent=[0.1551, 0.1551, 0.15]
  [4] tag=fs_upright_lifted    rot=fs_03        z_offset=0.1005 extent=[0.1232, 0.1232, 0.195]
  [5] tag=fs_upright_lifted    rot=fs_04        z_offset=0.1005 extent=[0.1232, 0.1232, 0.195]
[INFO] flatsurface loaded: wrs.manipulation.placement.flatsurface
post_br         : 12 candidates
  [0] tag=identity             rot=identity     z_offset=0.0030 extent=[0.024, 0.024, 0.135]
  [1] tag=fs_stable_lifted     rot=fs_00        z_offset=0.0150 extent=[0.1108, 0.1108, 0.024]
  [2] tag=fs_stable_lifted     rot=fs_01        z_offset=0.0150 extent=[0.1108, 0.1108, 0.024]
  [3] tag=fs_stable_lifted     rot=fs_02        z_offset=0.0150 extent=[0.1108, 0.1108, 0.024]
  [4] tag=fs_stable_lifted     rot=fs_03        z_offset=0.0152 extent=[0.1104, 0.1119, 0.0242]
  [5] tag=fs_stable_lifted     rot=fs_04        z_offset=0.1380 extent=[0.034, 0.034, 0.135]
[INFO] flatsurface loaded: wrs.manipulation.placement.flatsurface
post_fr         : 12 candidates
  [0] tag=identity             rot=identity     z_offset=0.0030 extent=[0.024, 0.024, 0.135]
  [1] tag=fs_stable_lifted     rot=fs_00        z_offset=0.0150 extent=[0.1108, 0.1108, 0.024]
  [2] tag=fs_stable_lifted     rot=fs_01        z_offset=0.0150 extent=[0.1108, 0.1108, 0.024]
  [3] tag=fs_stable_lifted     rot=fs_02        z_offset=0.0150 extent=[0.1108, 0.1108, 0.024]
  [4] tag=fs_stable_lifted     rot=fs_03        z_offset=0.0152 extent=[0.1104, 0.1119, 0.0242]
  [5] tag=fs_stable_lifted     rot=fs_04        z_offset=0.1380 extent=[0.034, 0.034, 0.135]
[INFO] flatsurface loaded: wrs.manipulation.placement.flatsurface
post_bl         : 12 candidates
  [0] tag=identity             rot=identity     z_offset=0.0030 extent=[0.024, 0.024, 0.135]
  [1] tag=fs_stable_lifted     rot=fs_00        z_offset=0.0150 extent=[0.1108, 0.1108, 0.024]
  [2] tag=fs_stable_lifted     rot=fs_01        z_offset=0.0150 extent=[0.1108, 0.1108, 0.024]
  [3] tag=fs_stable_lifted     rot=fs_02        z_offset=0.0150 extent=[0.1108, 0.1108, 0.024]
  [4] tag=fs_stable_lifted     rot=fs_03        z_offset=0.0152 extent=[0.1104, 0.1119, 0.0242]
  [5] tag=fs_stable_lifted     rot=fs_04        z_offset=0.1380 extent=[0.034, 0.034, 0.135]
[INFO] flatsurface loaded: wrs.manipulation.placement.flatsurface
post_fl         : 12 candidates
  [0] tag=identity             rot=identity     z_offset=0.0030 extent=[0.024, 0.024, 0.135]
  [1] tag=fs_stable_lifted     rot=fs_00        z_offset=0.0150 extent=[0.1108, 0.1108, 0.024]
  [2] tag=fs_stable_lifted     rot=fs_01        z_offset=0.0150 extent=[0.1108, 0.1108, 0.024]
  [3] tag=fs_stable_lifted     rot=fs_02        z_offset=0.0150 extent=[0.1108, 0.1108, 0.024]
  [4] tag=fs_stable_lifted     rot=fs_03        z_offset=0.0152 extent=[0.1104, 0.1119, 0.0242]
  [5] tag=fs_stable_lifted     rot=fs_04        z_offset=0.1380 extent=[0.034, 0.034, 0.135]
[INFO] flatsurface loaded: wrs.manipulation.placement.flatsurface
middle_plate    : 12 candidates
  [0] tag=identity             rot=identity     z_offset=0.0030 extent=[0.165, 0.12, 0.0216]
  [1] tag=fs_upright_lifted    rot=fs_00        z_offset=0.0630 extent=[0.1319, 0.1319, 0.12]
  [2] tag=fs_upright_lifted    rot=fs_01        z_offset=0.0630 extent=[0.1319, 0.1319, 0.12]
  [3] tag=fs_upright_lifted    rot=fs_02        z_offset=0.0855 extent=[0.1001, 0.1001, 0.165]
  [4] tag=fs_upright_lifted    rot=fs_03        z_offset=0.0855 extent=[0.1001, 0.1001, 0.165]
  [5] tag=auto_upright_lifted  rot=rot90_04     z_offset=0.0630 extent=[0.165, 0.0216, 0.12]
[INFO] flatsurface loaded: wrs.manipulation.placement.flatsurface
top_cross       : 12 candidates
  [0] tag=identity             rot=identity     z_offset=0.0030 extent=[0.0675, 0.018, 0.0675]
  [1] tag=fs_stable_lifted     rot=fs_00        z_offset=0.0120 extent=[0.0662, 0.0662, 0.018]
  [2] tag=fs_stable_lifted     rot=fs_01        z_offset=0.0120 extent=[0.0662, 0.0662, 0.018]
  [3] tag=fs_stable_lifted     rot=fs_03        z_offset=0.0640 extent=[0.0347, 0.0685, 0.0661]
  [4] tag=fs_stable_lifted     rot=fs_02        z_offset=0.0640 extent=[0.0641, 0.0532, 0.0661]
  [5] tag=fs_stable_lifted     rot=fs_04        z_offset=0.0368 extent=[0.0605, 0.0605, 0.0675]
triangles
convex_hull
triangles
convex_hull
triangles
convex_hull
triangles
convex_hull
triangles
convex_hull
triangles
convex_hull
triangles
convex_hull
triangles
convex_hull
triangles
convex_hull
triangles
convex_hull
triangles
convex_hull
triangles
convex_hull
triangles
convex_hull
triangles
convex_hull

========== Assembly Region Candidates ==========
plan_assembly_region       = True
assembly_grid              = 3 x 3
preassemble_first          = True
filter_assembly_near_arms  = False  # disabled: 3x3 centers are not filtered by arm-base rectangle
assembly_collision_check   = preassembled first part vs arm collision boxes
filter_staging_near_arms   = True
staging_arm_x_clearance    = 0.1200 m
staging_arm_y_clearance    = 0.1200 m
arm_base_xy                = {'lft_arm_base': (0.0, 0.0), 'rgt_arm_base': (0.0, -0.62)}
  kept:
    r0_c0  rc=(0, 0) center=[0.1183, -0.71, 0.0]
    r0_c1  rc=(0, 1) center=[0.345, -0.71, 0.0]
    r0_c2  rc=(0, 2) center=[0.5717, -0.71, 0.0]
    r1_c0  rc=(1, 0) center=[0.1183, -0.35, 0.0]
    r1_c1  rc=(1, 1) center=[0.345, -0.35, 0.0]
    r1_c2  rc=(1, 2) center=[0.5717, -0.35, 0.0]
    r2_c2  rc=(2, 2) center=[0.5717, 0.01, 0.0]
  skipped:
    r2_c0  rc=(2, 0) center=[0.1183, 0.01, 0.0]  reason=preassembled first part collides with arm collision boxes at this assembly center: base_plate vs robot_lft_arm_collision_box
    r2_c1  rc=(2, 1) center=[0.345, 0.01, 0.0]  reason=preassembled first part collides with arm collision boxes at this assembly center: base_plate vs robot_lft_arm_collision_box

========== Heatmap + Surrogate + PSO Layout Search ==========
n_samples=20 seed=0
heatmap=True pso=False surrogate=True
movable parts = ['post_br', 'post_fr', 'post_bl', 'post_fl', 'middle_plate', 'top_cross']
part_order    = ['base_plate', 'post_br', 'post_fr', 'post_bl', 'post_fl', 'middle_plate', 'top_cross']
[heatmap] loaded cache: D:\Project\wrs-sealp\sealp\examples\layout\_output\heatmap_cache_e45a5c609a.pkl

[region ranking by heatmap promise]
  region r1_c1 rc=(1, 1) promise=4.083
  region r1_c0 rc=(1, 0) promise=3.826
  region r1_c2 rc=(1, 2) promise=3.646
  region r2_c2 rc=(2, 2) promise=2.493
  region r0_c1 rc=(0, 1) promise=2.042
  region r0_c0 rc=(0, 0) promise=1.347
  region r0_c2 rc=(0, 2) promise=1.264

[heatmap preview] region=r1_c1  (行=x 列=y, 字符越满越易抓)
  post_br:  max_grasps=16
    |::. -++=:   |
    |::. ++*+:   |
    |++:=*@##:   |
    |++=*@%##:   |
    |++++%#*#:   |
    |+=+*%#**:.  |
    |+==*%##*.   |
    |===+###=    |
    |-====++:    |
    |------::    |
    |:----::     |
    |::::::      |
  post_fr:  max_grasps=20
    |-:. -=+=-   |
    |--: *+++-   |
    |===+*@##-   |
    |=++#@%##:   |
    |++**@%#*:   |
    |=+*#@%#*:   |
    |=++#@%%+.   |
    |===+%#+-    |
    |--=====:    |
    |------:.    |
    |.----:.     |
    |...:..      |
  post_bl:  max_grasps=20
    |    :=++-  =|
    |    :++++ -=|
    |    :%%@* =*|
    |    .#%@% +#|
    |   ..*#%# +*|
    |    .*#%#*++|
    |    .=*##*+=|
    |    .+=*#+==|
    |     :-====-|
    |     .:-----|
    |      .:----|
    |      ...:..|
  post_fl:  max_grasps=17
    |    :===:  -|
    |    :+==+ :-|
    |   .:##@* =*|
    |   .:#%@% **|
    |   .:*#%# **|
    |    :#*%#**+|
    |    :+*##*+=|
    |    :*+*#+==|
    |     :=+====|
    |     ::-----|
    |      ::----|
    |      ::::::|
  middle_plate:  max_grasps=36
    | -%#: .=    |
    | =%%: .=%  .|
    | =%@: .-%  :|
    | =**- ..*  :|
    | :+*:.  :  .|
    | .:-:..    .|
    |  ..::-... .|
    |   . :+:-..:|
    |     -%++-::|
    |     =%##*:-|
    |     -%%%#-=|
    |     -*###+=|
  top_cross:  max_grasps=15
    |  ...==*+  =|
    |  .-:**## =+|
    |  :..###@ ##|
    |  ...###* +#|
    |  .. ==#- :#|
    |   . --*=:==|
    |     --===++|
    |     --==+**|
    |     =*++***|
    |     :******|
    |     .=*****|
    |      -=**+=|

========== Phase 2: heatmap-biased seeding (20 samples) ==========
triangles
convex_hull
triangles
convex_hull
triangles
convex_hull
triangles
convex_hull
triangles
convex_hull
triangles
convex_hull
triangles
convex_hull
#000 L2_OK score=0.4603 region=r1_c1 counts={'base_plate': 20, 'post_br': 31, 'post_fr': 29, 'post_bl': 62, 'post_fl': 4, 'middle_plate': 52, 'top_cross': 37}
triangles
convex_hull
triangles
convex_hull
triangles
convex_hull
triangles
convex_hull
triangles
convex_hull
triangles
convex_hull
triangles
convex_hull
#001 FAIL post_br: all rotation/arm candidates failed; fail_counter={'pair_collision': 2, 
triangles
convex_hull
triangles
convex_hull
triangles
convex_hull
triangles
convex_hull
triangles
convex_hull
triangles
convex_hull
triangles
convex_hull
#002 FAIL post_br: all rotation/arm candidates failed; fail_counter={'pair_collision': 0, 
triangles
convex_hull
triangles
convex_hull
triangles
convex_hull
triangles
convex_hull
triangles
convex_hull
triangles
convex_hull
triangles
convex_hull
#003 FAIL post_br: all rotation/arm candidates failed; fail_counter={'pair_collision': 1, 
triangles
convex_hull
triangles
convex_hull
triangles
convex_hull
triangles
convex_hull
triangles
convex_hull
triangles
convex_hull
triangles
convex_hull
#004 FAIL middle_plate: all rotation/arm candidates failed; fail_counter={'pair_collision'
triangles
convex_hull
triangles
convex_hull
triangles
convex_hull
triangles
convex_hull
triangles
convex_hull
triangles
convex_hull
triangles
convex_hull
#005 L2_OK score=0.5006 region=r1_c0 counts={'base_plate': 20, 'post_br': 21, 'post_fr': 51, 'post_bl': 39, 'post_fl': 21, 'middle_plate': 27, 'top_cross': 11}
triangles
convex_hull
triangles
convex_hull
triangles
convex_hull
triangles
convex_hull
triangles
convex_hull
triangles
convex_hull
triangles
convex_hull
#006 FAIL post_br: all rotation/arm candidates failed; fail_counter={'pair_collision': 2, 
triangles
convex_hull
triangles
convex_hull
triangles
convex_hull
triangles
convex_hull
triangles
convex_hull
triangles
convex_hull
triangles
convex_hull
#007 L2_OK score=0.5177 region=r1_c0 counts={'base_plate': 20, 'post_br': 29, 'post_fr': 58, 'post_bl': 19, 'post_fl': 23, 'middle_plate': 97, 'top_cross': 7}
triangles
convex_hull
triangles
convex_hull
triangles
convex_hull
triangles
convex_hull
triangles
convex_hull
triangles
convex_hull
triangles
convex_hull
#008 L2_OK score=0.5807 region=r1_c1 counts={'base_plate': 20, 'post_br': 56, 'post_fr': 15, 'post_bl': 34, 'post_fl': 14, 'middle_plate': 33, 'top_cross': 17}
triangles
convex_hull
triangles
convex_hull
triangles
convex_hull
triangles
convex_hull
triangles
convex_hull
triangles
convex_hull
triangles
convex_hull
#009 L2_OK score=0.4109 region=r1_c0 counts={'base_plate': 20, 'post_br': 74, 'post_fr': 44, 'post_bl': 6, 'post_fl': 24, 'middle_plate': 39, 'top_cross': 15}
triangles
convex_hull
triangles
convex_hull
triangles
convex_hull
triangles
convex_hull
triangles
convex_hull
triangles
convex_hull
triangles
convex_hull
#010 L2_OK score=0.6071 region=r1_c1 counts={'base_plate': 20, 'post_br': 15, 'post_fr': 53, 'post_bl': 56, 'post_fl': 18, 'middle_plate': 32, 'top_cross': 33}
triangles
convex_hull
triangles
convex_hull
triangles
convex_hull
triangles
convex_hull
triangles
convex_hull
triangles
convex_hull
triangles
convex_hull
#011 FAIL top_cross: all rotation/arm candidates failed; fail_counter={'pair_collision': 0
triangles
convex_hull
triangles
convex_hull
triangles
convex_hull
triangles
convex_hull
triangles
convex_hull
triangles
convex_hull
triangles
convex_hull
#012 L2_OK score=0.4349 region=r1_c1 counts={'base_plate': 20, 'post_br': 5, 'post_fr': 22, 'post_bl': 48, 'post_fl': 29, 'middle_plate': 62, 'top_cross': 26}
triangles
convex_hull
triangles
convex_hull
triangles
convex_hull
triangles
convex_hull
triangles
convex_hull
triangles
convex_hull
triangles
convex_hull
#013 L2_OK score=0.5535 region=r1_c0 counts={'base_plate': 20, 'post_br': 55, 'post_fr': 62, 'post_bl': 66, 'post_fl': 33, 'middle_plate': 15, 'top_cross': 12}
triangles
convex_hull
triangles
convex_hull
triangles
convex_hull
triangles
convex_hull
triangles
convex_hull
triangles
convex_hull
triangles
convex_hull
#014 L2_OK score=0.3338 region=r1_c1 counts={'base_plate': 20, 'post_br': 5, 'post_fr': 25, 'post_bl': 2, 'post_fl': 40, 'middle_plate': 28, 'top_cross': 21}
triangles
convex_hull
triangles
convex_hull
triangles
convex_hull
triangles
convex_hull
triangles
convex_hull
triangles
convex_hull
triangles
convex_hull
#015 L2_OK score=0.4553 region=r1_c0 counts={'base_plate': 20, 'post_br': 27, 'post_fr': 75, 'post_bl': 40, 'post_fl': 40, 'middle_plate': 44, 'top_cross': 7}
triangles
convex_hull
triangles
convex_hull
triangles
convex_hull
triangles
convex_hull
triangles
convex_hull
triangles
convex_hull
triangles
convex_hull
#016 FAIL post_br: all rotation/arm candidates failed; fail_counter={'pair_collision': 2, 
triangles
convex_hull
triangles
convex_hull
triangles
convex_hull
triangles
convex_hull
triangles
convex_hull
triangles
convex_hull
triangles
convex_hull
#017 L2_OK score=0.4757 region=r1_c0 counts={'base_plate': 20, 'post_br': 19, 'post_fr': 68, 'post_bl': 70, 'post_fl': 39, 'middle_plate': 80, 'top_cross': 7}
triangles
convex_hull
triangles
convex_hull
triangles
convex_hull
triangles
convex_hull
triangles
convex_hull
triangles
convex_hull
triangles
convex_hull
#018 L2_OK score=0.5163 region=r1_c1 counts={'base_plate': 20, 'post_br': 13, 'post_fr': 48, 'post_bl': 47, 'post_fl': 29, 'middle_plate': 40, 'top_cross': 22}
triangles
convex_hull
triangles
convex_hull
triangles
convex_hull
triangles
convex_hull
triangles
convex_hull
triangles
convex_hull
triangles
convex_hull
#019 FAIL post_br: all rotation/arm candidates failed; fail_counter={'pair_collision': 4, 
[seed] feasible=12/20  elapsed=1605.6s

========== Search Summary ==========
total wall          = 1605.6s
feasible layouts    = 12
dataset size        = 20 (pos=12)
[BEST] score=0.6071 region=r1_c1 rc=(1, 1)
  grasp_counts={'base_plate': 20, 'post_br': 15, 'post_fr': 53, 'post_bl': 56, 'post_fl': 18, 'middle_plate': 32, 'top_cross': 33}
  arm_choice  ={'base_plate': 'preassembled', 'post_br': 'rgt', 'post_fr': 'rgt', 'post_bl': 'lft', 'post_fl': 'lft', 'middle_plate': 'rgt', 'top_cross': 'lft'}
  pose_tag    ={'base_plate': 'preassembled_at_assembly_region', 'post_br': 'identity', 'post_fr': 'identity', 'post_bl': 'identity', 'post_fl': 'identity', 'middle_plate': 'fs_upright_lifted', 'top_cross': 'identity'}

========== L3 full-process validation ==========
[L3] rank 1/3 score=0.6071
triangles
convex_hull
triangles
convex_hull
triangles
convex_hull
triangles
convex_hull
triangles
convex_hull
triangles
convex_hull
triangles
convex_hull

========== L3 Full-sequence validation ==========
obstacle_mode = staging_aware
  [SKIP] step=0 pid=base_plate     already assembled at region=r1_c1
triangles
convex_hull
The given joint angles are out of joint limits.
The given joint angles are out of joint limits.
The given joint angles are out of joint limits.
The given joint angles are out of joint limits.
The given joint angles are out of joint limits.
  [OK] step=1 pid=post_br        arm=rgt motion=z (L3 == anime)
  [OK] step=1 pid=post_br        arm=rgt obs=6
triangles
convex_hull
Intermediated pose collided in gen_linear_motion!
ADPlanner: Cannot generate linear approach with given jnt values!
ADPlanner: Cannot plan the linear depart section of depart with given conf!
Cannot generate the release motion!
The given joint angles are out of joint limits.
The given joint angles are out of joint limits.
The given joint angles are out of joint limits.
The given joint angles are out of joint limits.
The given joint angles are out of joint limits.
The given joint angles are out of joint limits.
The given joint angles are out of joint limits.
  [OK] step=2 pid=post_fr        arm=rgt motion=z (L3 == anime)
  [OK] step=2 pid=post_fr        arm=rgt obs=6
triangles
convex_hull
The given joint angles are out of joint limits.
The given joint angles are out of joint limits.
The given joint angles are out of joint limits.
The given joint angles are out of joint limits.
The given joint angles are out of joint limits.
  [OK] step=3 pid=post_bl        arm=lft motion=z (L3 == anime)
  [OK] step=3 pid=post_bl        arm=lft obs=6
triangles
convex_hull
The given joint angles are out of joint limits.
Intermediated pose collided in gen_linear_motion!
ADPlanner: Cannot generate linear approach with given jnt values!
ADPlanner: Cannot plan the linear depart section of depart with given conf!
Cannot generate the release motion!
Intermediated pose collided in gen_linear_motion!
ADPlanner: Cannot generate linear approach with given jnt values!
ADPlanner: Cannot plan the linear depart section of depart with given conf!
Cannot generate the release motion!
The given joint angles are out of joint limits.
The given joint angles are out of joint limits.
The given joint angles are out of joint limits.
The given joint angles are out of joint limits.
The given joint angles are out of joint limits.
The given joint angles are out of joint limits.
The given joint angles are out of joint limits.
  [OK] step=4 pid=post_fl        arm=lft motion=z (L3 == anime)
  [OK] step=4 pid=post_fl        arm=lft obs=6
triangles
convex_hull
triangles
convex_hull
triangles
convex_hull
triangles
convex_hull
triangles
convex_hull
triangles
convex_hull
No common grasp id at the given goal poses!
triangles
convex_hull
No common grasp id at the given goal poses!
triangles
convex_hull
No common grasp id at the given goal poses!
triangles
convex_hull
No common grasp id at the given goal poses!
triangles
convex_hull
No common grasp id at the given goal poses!
  [FAIL] L3 step=5 middle_plate: all arm/motion candidates failed; last=lft motion=y_minus: PickPlacePlanner failed: no valid grasp/path found.
[NO] L3 failed rank=1: L3 step=5 middle_plate: all arm/motion candidates failed; last=lft motion=y_minus: PickPlacePlanner failed: no valid grasp/path found.
[L3] rank 2/3 score=0.5807
triangles
convex_hull
triangles
convex_hull
triangles
convex_hull
triangles
convex_hull
triangles
convex_hull
triangles
convex_hull
triangles
convex_hull

========== L3 Full-sequence validation ==========
obstacle_mode = staging_aware
  [SKIP] step=0 pid=base_plate     already assembled at region=r1_c1
triangles
convex_hull
triangles
convex_hull
triangles
convex_hull
triangles
convex_hull
triangles
convex_hull
triangles
convex_hull
triangles
convex_hull
triangles
convex_hull
triangles
convex_hull
triangles
convex_hull
  [FAIL] L3 step=1 post_br: all arm/motion candidates failed; last=lft motion=y_minus: NameError: NameError("name 'base' is not defined")
[NO] L3 failed rank=2: L3 step=1 post_br: all arm/motion candidates failed; last=lft motion=y_minus: NameError: NameError("name 'base' is not defined")
[L3] rank 3/3 score=0.5535
triangles
convex_hull
triangles
convex_hull
triangles
convex_hull
triangles
convex_hull
triangles
convex_hull
triangles
convex_hull
triangles
convex_hull

========== L3 Full-sequence validation ==========
obstacle_mode = staging_aware
  [SKIP] step=0 pid=base_plate     already assembled at region=r1_c0
triangles
convex_hull
The given joint angles are out of joint limits.
The given joint angles are out of joint limits.
The given joint angles are out of joint limits.
The given joint angles are out of joint limits.
  [OK] step=1 pid=post_br        arm=rgt motion=z (L3 == anime)
  [OK] step=1 pid=post_br        arm=rgt obs=6
triangles
convex_hull
Intermediated pose collided in gen_linear_motion!
ADPlanner: Cannot generate linear approach with given jnt values!
ADPlanner: Cannot plan the linear depart section of depart with given conf!
Cannot generate the release motion!
The given joint angles are out of joint limits.
The given joint angles are out of joint limits.
The given joint angles are out of joint limits.
The given joint angles are out of joint limits.
The given joint angles are out of joint limits.
The given joint angles are out of joint limits.
The given joint angles are out of joint limits.
The given joint angles are out of joint limits.
The given joint angles are out of joint limits.
The given joint angles are out of joint limits.
The given joint angles are out of joint limits.
  [OK] step=2 pid=post_fr        arm=rgt motion=z (L3 == anime)
  [OK] step=2 pid=post_fr        arm=rgt obs=6
triangles
convex_hull
The given joint angles are out of joint limits.
The given joint angles are out of joint limits.
The given joint angles are out of joint limits.
The given joint angles are out of joint limits.
  [OK] step=3 pid=post_bl        arm=lft motion=z (L3 == anime)
  [OK] step=3 pid=post_bl        arm=lft obs=6
triangles
convex_hull
The given joint angles are out of joint limits.
  [OK] step=4 pid=post_fl        arm=lft motion=z (L3 == anime)
  [OK] step=4 pid=post_fl        arm=lft obs=6
triangles
convex_hull
Failed to find a path with the given max_n_ter!
ADPlanner: Cannot plan the rrt motion from start_jnt_values to the beginning of approach!
ADPlanner: Cannot plan the approach section of approach-depart motion!
Error encountered when generating motion to the 0th goal!
Cannot generate the pick and moveto motion!
The given joint angles are out of joint limits.
Failed to find a path with the given max_n_ter!
ADPlanner: Cannot plan the rrt motion from start_jnt_values to the beginning of approach!
ADPlanner: Cannot plan the approach section of approach-depart motion!
Error encountered when generating motion to the 0th goal!
Cannot generate the pick and moveto motion!
IK not solvable in gen_linear_motion!
ADPlanner: Cannot generate linear approach!
ADPlanner: Cannot generate the linear approach section of gen_approach!
PPPlanner: Error encountered when generating pick approach motion!
Cannot generate the pick and moveto motion!
Intermediated pose collided in gen_linear_motion!
ADPlanner: Cannot generate linear approach with given jnt values!
ADPlanner: Cannot plan the linear depart section of depart with given conf!
Cannot generate the release motion!
IK not solvable in gen_linear_motion!
ADPlanner: Cannot generate linear approach!
ADPlanner: Cannot generate the linear approach section of gen_approach!
PPPlanner: Error encountered when generating pick approach motion!
Cannot generate the pick and moveto motion!
Gen_rel_linear_motion: IK not solvable...
ADPlanner: Cannot generate linear approach with given jnt values!
ADPlanner: Cannot plan the linear depart section of depart with given conf!
ADPlanner: Cannot plan the depart section of approach-depart motion!
Error encountered when generating motion to the 0th goal!
Cannot generate the pick and moveto motion!
IK not solvable in gen_linear_motion!
ADPlanner: Cannot generate linear approach!
ADPlanner: Cannot generate the linear approach section of gen_approach!
PPPlanner: Error encountered when generating pick approach motion!
Cannot generate the pick and moveto motion!
IK not solvable in gen_linear_motion!
ADPlanner: Cannot generate linear approach!
ADPlanner: Cannot generate the linear approach section of gen_approach!
PPPlanner: Error encountered when generating pick approach motion!
Cannot generate the pick and moveto motion!
IK not solvable in gen_linear_motion!
ADPlanner: Cannot generate linear approach!
ADPlanner: Cannot generate the linear approach section of gen_approach!
ADPlanner: Cannot plan the approach section of approach-depart motion!
Error encountered when generating motion to the 0th goal!
Cannot generate the pick and moveto motion!
Failed to find a path with the given max_n_ter!
ADPlanner: Cannot plan the rrt motion from start_jnt_values to the beginning of approach!
ADPlanner: Cannot plan the approach section of approach-depart motion!
Error encountered when generating motion to the 0th goal!
Cannot generate the pick and moveto motion!
Failed to find a path with the given max_n_ter!
ADPlanner: Cannot plan the rrt motion from start_jnt_values to the beginning of approach!
ADPlanner: Cannot plan the approach section of approach-depart motion!
Error encountered when generating motion to the 0th goal!
Cannot generate the pick and moveto motion!
IK not solvable in gen_linear_motion!
ADPlanner: Cannot generate linear approach!
ADPlanner: Cannot generate the linear approach section of gen_approach!
PPPlanner: Error encountered when generating pick approach motion!
Cannot generate the pick and moveto motion!
IK not solvable in gen_linear_motion!
ADPlanner: Cannot generate linear approach!
ADPlanner: Cannot generate the linear approach section of gen_approach!
PPPlanner: Error encountered when generating pick approach motion!
Cannot generate the pick and moveto motion!
Failed to find a path with the given max_n_ter!
ADPlanner: Cannot plan the rrt motion from start_jnt_values to the beginning of approach!
ADPlanner: Cannot plan the approach section of approach-depart motion!
Error encountered when generating motion to the 0th goal!
Cannot generate the pick and moveto motion!
Failed to find a path with the given max_n_ter!
ADPlanner: Cannot plan the rrt motion from start_jnt_values to the beginning of approach!
ADPlanner: Cannot plan the approach section of approach-depart motion!
Error encountered when generating motion to the 0th goal!
Cannot generate the pick and moveto motion!
None of the reasoned common grasps are valid.
triangles
convex_hull
Failed to find a path with the given max_n_ter!
ADPlanner: Cannot plan the rrt motion from start_jnt_values to the beginning of approach!
ADPlanner: Cannot plan the approach section of approach-depart motion!
Error encountered when generating motion to the 0th goal!
Cannot generate the pick and moveto motion!
Failed to find a path with the given max_n_ter!
ADPlanner: Cannot plan the rrt motion from start_jnt_values to the beginning of approach!
ADPlanner: Cannot plan the approach section of approach-depart motion!
Error encountered when generating motion to the 0th goal!
Cannot generate the pick and moveto motion!
Intermediated pose collided in gen_linear_motion!
ADPlanner: Cannot generate linear approach with given jnt values!
ADPlanner: Cannot plan the linear depart section of depart with given conf!
Cannot generate the release motion!
Gen_rel_linear_motion: IK not solvable...
ADPlanner: Cannot generate linear approach with given jnt values!
ADPlanner: Cannot plan the linear depart section of depart with given conf!
ADPlanner: Cannot plan the depart section of approach-depart motion!
Error encountered when generating motion to the 0th goal!
Cannot generate the pick and moveto motion!
IK not solvable in gen_linear_motion!
ADPlanner: Cannot generate linear approach!
ADPlanner: Cannot generate the linear approach section of gen_approach!
PPPlanner: Error encountered when generating pick approach motion!
Cannot generate the pick and moveto motion!
Intermediated pose collided in gen_linear_motion!
ADPlanner: Cannot generate linear approach with given jnt values!
ADPlanner: Cannot plan the linear depart section of depart with given conf!
Cannot generate the release motion!
Failed to find a path with the given max_n_ter!
ADPlanner: Cannot plan the rrt motion from start_jnt_values to the beginning of approach!
ADPlanner: Cannot plan the approach section of approach-depart motion!
Error encountered when generating motion to the 0th goal!
Cannot generate the pick and moveto motion!
IK not solvable in gen_linear_motion!
ADPlanner: Cannot generate linear approach!
ADPlanner: Cannot generate the linear approach section of gen_approach!
PPPlanner: Error encountered when generating pick approach motion!
Cannot generate the pick and moveto motion!
Intermediated pose collided in gen_linear_motion!
ADPlanner: Cannot generate linear approach with given jnt values!
ADPlanner: Cannot plan the linear depart section of depart with given conf!
Cannot generate the release motion!
Failed to find a path with the given max_n_ter!
ADPlanner: Cannot plan the rrt motion from start_jnt_values to the beginning of approach!
ADPlanner: Cannot plan the approach section of approach-depart motion!
Error encountered when generating motion to the 0th goal!
Cannot generate the pick and moveto motion!
Failed to find a path with the given max_n_ter!
ADPlanner: Cannot plan the rrt motion from start_jnt_values to the beginning of approach!
ADPlanner: Cannot plan the approach section of approach-depart motion!
Error encountered when generating motion to the 0th goal!
Cannot generate the pick and moveto motion!
The given joint angles are out of joint limits.
Intermediated pose collided in gen_linear_motion!
ADPlanner: Cannot generate linear approach with given jnt values!
ADPlanner: Cannot plan the linear depart section of depart with given conf!
Cannot generate the release motion!
Gen_rel_linear_motion: IK not solvable...
ADPlanner: Cannot generate linear approach with given jnt values!
ADPlanner: Cannot plan the linear depart section of depart with given conf!
ADPlanner: Cannot plan the depart section of approach-depart motion!
Error encountered when generating motion to the 0th goal!
Cannot generate the pick and moveto motion!
IK not solvable in gen_linear_motion!
ADPlanner: Cannot generate linear approach!
ADPlanner: Cannot generate the linear approach section of gen_approach!
PPPlanner: Error encountered when generating pick approach motion!
Cannot generate the pick and moveto motion!
Failed to find a path with the given max_n_ter!
ADPlanner: Cannot plan the rrt motion from start_jnt_values to the beginning of approach!
ADPlanner: Cannot plan the approach section of approach-depart motion!
Error encountered when generating motion to the 0th goal!
Cannot generate the pick and moveto motion!
None of the reasoned common grasps are valid.
triangles
convex_hull
Failed to find a path with the given max_n_ter!
ADPlanner: Cannot plan the rrt motion from start_jnt_values to the beginning of approach!
ADPlanner: Cannot plan the approach section of approach-depart motion!
Error encountered when generating motion to the 0th goal!
Cannot generate the pick and moveto motion!
Failed to find a path with the given max_n_ter!
ADPlanner: Cannot plan the rrt motion from start_jnt_values to the beginning of approach!
ADPlanner: Cannot plan the approach section of approach-depart motion!
Error encountered when generating motion to the 0th goal!
Cannot generate the pick and moveto motion!
Intermediated pose collided in gen_linear_motion!
ADPlanner: Cannot generate linear approach with given jnt values!
ADPlanner: Cannot plan the linear depart section of depart with given conf!
Cannot generate the release motion!
The given joint angles are out of joint limits.
Intermediated pose collided in gen_linear_motion!
ADPlanner: Cannot generate linear approach with given jnt values!
ADPlanner: Cannot plan the linear depart section of depart with given conf!
Cannot generate the release motion!
The given joint angles are out of joint limits.
Gen_rel_linear_motion: IK not solvable...
ADPlanner: Cannot generate linear approach with given jnt values!
ADPlanner: Cannot plan the linear depart section of depart with given conf!
ADPlanner: Cannot plan the depart section of approach-depart motion!
Error encountered when generating motion to the 0th goal!
Cannot generate the pick and moveto motion!
Failed to find a path with the given max_n_ter!
ADPlanner: Cannot plan the rrt motion from start_jnt_values to the beginning of approach!
ADPlanner: Cannot plan the approach section of approach-depart motion!
Error encountered when generating motion to the 0th goal!
Cannot generate the pick and moveto motion!
Failed to find a path with the given max_n_ter!
ADPlanner: Cannot plan the rrt motion from start_jnt_values to the beginning of approach!
ADPlanner: Cannot plan the approach section of approach-depart motion!
Error encountered when generating motion to the 0th goal!
Cannot generate the pick and moveto motion!
Failed to find a path with the given max_n_ter!
ADPlanner: Cannot plan the rrt motion from start_jnt_values to the beginning of approach!
ADPlanner: Cannot plan the approach section of approach-depart motion!
Error encountered when generating motion to the 0th goal!
Cannot generate the pick and moveto motion!
Intermediated pose collided in gen_linear_motion!
ADPlanner: Cannot generate linear approach with given jnt values!
ADPlanner: Cannot plan the linear depart section of depart with given conf!
Cannot generate the release motion!
IK not solvable in gen_linear_motion!
ADPlanner: Cannot generate linear approach!
ADPlanner: Cannot generate the linear approach section of gen_approach!
PPPlanner: Error encountered when generating pick approach motion!
Cannot generate the pick and moveto motion!
Failed to find a path with the given max_n_ter!
ADPlanner: Cannot plan the rrt motion from start_jnt_values to the beginning of approach!
ADPlanner: Cannot plan the approach section of approach-depart motion!
Error encountered when generating motion to the 0th goal!
Cannot generate the pick and moveto motion!
Intermediated pose collided in gen_linear_motion!
ADPlanner: Cannot generate linear approach with given jnt values!
ADPlanner: Cannot plan the linear depart section of depart with given conf!
Cannot generate the release motion!
Intermediated pose collided in gen_linear_motion!
ADPlanner: Cannot generate linear approach with given jnt values!
ADPlanner: Cannot plan the linear depart section of depart with given conf!
Cannot generate the release motion!
Failed to find a path with the given max_n_ter!
ADPlanner: Cannot plan the rrt motion from start_jnt_values to the beginning of approach!
ADPlanner: Cannot plan the approach section of approach-depart motion!
Error encountered when generating motion to the 0th goal!
Cannot generate the pick and moveto motion!
Failed to find a path with the given max_n_ter!
ADPlanner: Cannot plan the rrt motion from start_jnt_values to the beginning of approach!
ADPlanner: Cannot plan the approach section of approach-depart motion!
Error encountered when generating motion to the 0th goal!
Cannot generate the pick and moveto motion!
None of the reasoned common grasps are valid.
triangles
convex_hull
IK not solvable in gen_linear_motion!
ADPlanner: Cannot generate linear approach!
ADPlanner: Cannot generate the linear approach section of gen_approach!
PPPlanner: Error encountered when generating pick approach motion!
Cannot generate the pick and moveto motion!
IK not solvable in gen_linear_motion!
ADPlanner: Cannot generate linear approach!
ADPlanner: Cannot generate the linear approach section of gen_approach!
PPPlanner: Error encountered when generating pick approach motion!
Cannot generate the pick and moveto motion!
IK not solvable in gen_linear_motion!
ADPlanner: Cannot generate linear approach!
ADPlanner: Cannot generate the linear approach section of gen_approach!
PPPlanner: Error encountered when generating pick approach motion!
Cannot generate the pick and moveto motion!
