[nsga2-v1] L3 default = OFF (auto-injected --disable-l3).
[nsga2-v1][conservative] 注入 --planner-obstacle-mode staging_aware
[fast] installed per-pose IK feasibility cache on reason_common_gids
[nsga2-v1.1-speed] config:
    pop                    = 8
    generations            = 2
    offspring              = 4
    crossover_prob         = 0.9
    mutation_prob          = 0.35
    mutation_sigma         = 0.04
    region_mutation_prob   = 0.1
    tournament_k           = 2
    local_jitter_prob      = 0.2
    local_jitter_sigma     = 0.015
    elite_pool_size        = 20
    max_evals              = 32
    early_stop_rounds      = 3
    min_improvement        = 0.0001
    eval_cache_ndigits     = 3
    init_attempt_factor    = 8
[nsga2-v1] scipy.cKDTree available = True
======================================================================
Tower Initial Layout Search [v9.5 NoL2DepartApproach + GoalYSideSampling]
asmdef    = D:/Project/wrs-sealp/sealp/assembly_sequence/_demo_output/topdown_tower.asmdef
config    = D:/Project/wrs-sealp/sealp/config/sample_config.yaml
grasp_dir = D:/Project/wrs-sealp/sealp/examples/grasp/tower_grasp
output    = D:/Project/wrs-sealp/sealp/examples/layout/_output\tower_nsga2_smoke.layout
L2 obs    = staging_aware
L3 enable = False, L3 obs = mesh, top_k = 3
assembly region search = True, grid=3, preassemble_first=True
assembly arm keepout   = False  # 3x3装配中心不按矩形距离过滤，只检查preassembled是否撞机械臂
staging arm keepout    = True, x_clearance=0.120m, y_clearance=0.120m
goal-y side sampling   = True, ratio=0.75, eps=0.005m
arm base xy used       = lft=(0.000,0.000), rgt=(0.000,-0.620)
flatsurface poses      = True, threshold=0.1
home collision check   = True
strict initial arm-box collision = True
min mesh clearance     = 0.0100 m
order-x constraint     = False, tol=0.030 m
y side score           = True
upright hard constraint = True, topdown_min=10
L2 pick quick check     = False, parts=middle_plate, lift=0.060m, dirs=z,x_plus,x_minus,y_plus,y_minus, tilt=0.350
robot home clearance    = 0.030m
======================================================================

========== Grasp pickle 检查 ==========
base_plate      : D:\Project\wrs-sealp\sealp\examples\grasp\tower_grasp\tower_base_plate_grasps.pickle  n=278  topdown(-Z)=4
post_br         : D:\Project\wrs-sealp\sealp\examples\grasp\tower_grasp\tower_post_grasps.pickle  n=876  topdown(-Z)=572
post_fr         : D:\Project\wrs-sealp\sealp\examples\grasp\tower_grasp\tower_post_grasps.pickle  n=876  topdown(-Z)=572
post_bl         : D:\Project\wrs-sealp\sealp\examples\grasp\tower_grasp\tower_post_grasps.pickle  n=876  topdown(-Z)=572
post_fl         : D:\Project\wrs-sealp\sealp\examples\grasp\tower_grasp\tower_post_grasps.pickle  n=876  topdown(-Z)=572
middle_plate    : D:\Project\wrs-sealp\sealp\examples\grasp\tower_grasp\tower_middle_plate_grasps.pickle  n=520  topdown(-Z)=0
top_cross       : D:\Project\wrs-sealp\sealp\examples\grasp\tower_grasp\tower_top_cross_grasps.pickle  n=531  topdown(-Z)=296

========== 自动旋转候选 ==========
use_flatsurface        = True
fs_stability_threshold = 0.1
[INFO] flatsurface loaded: wrs.manipulation.placement.flatsurface
base_plate      : 12 candidates
  [0] tag=identity             rot=identity     z_offset=0.0030 extent=[0.195, 0.15, 0.0243]
  [1] tag=fs_stable_lifted     rot=fs_00        z_offset=0.0273 extent=[0.244, 0.244, 0.0243]
  [2] tag=fs_upright_lifted    rot=fs_01        z_offset=0.0780 extent=[0.1551, 0.1551, 0.15]
  [3] tag=fs_upright_lifted    rot=fs_02        z_offset=0.0780 extent=[0.1551, 0.1551, 0.15]
  [4] tag=fs_upright_lifted    rot=fs_03        z_offset=0.1005 extent=[0.1232, 0.1232, 0.195]
  [5] tag=fs_upright_lifted    rot=fs_04        z_offset=0.1005 extent=[0.1232, 0.1232, 0.195]
[INFO] flatsurface loaded: wrs.manipulation.placement.flatsurface
post_br         : 12 candidates
  [0] tag=identity             rot=identity     z_offset=0.0030 extent=[0.024, 0.024, 0.135]
  [1] tag=fs_stable_lifted     rot=fs_00        z_offset=0.0150 extent=[0.1108, 0.1108, 0.024]
  [2] tag=fs_stable_lifted     rot=fs_01        z_offset=0.0150 extent=[0.1108, 0.1108, 0.024]
  [3] tag=fs_stable_lifted     rot=fs_02        z_offset=0.0150 extent=[0.1108, 0.1108, 0.024]
  [4] tag=fs_stable_lifted     rot=fs_03        z_offset=0.0152 extent=[0.1104, 0.1119, 0.0242]
  [5] tag=fs_stable_lifted     rot=fs_04        z_offset=0.1380 extent=[0.034, 0.034, 0.135]
[INFO] flatsurface loaded: wrs.manipulation.placement.flatsurface
post_fr         : 12 candidates
  [0] tag=identity             rot=identity     z_offset=0.0030 extent=[0.024, 0.024, 0.135]
  [1] tag=fs_stable_lifted     rot=fs_00        z_offset=0.0150 extent=[0.1108, 0.1108, 0.024]
  [2] tag=fs_stable_lifted     rot=fs_01        z_offset=0.0150 extent=[0.1108, 0.1108, 0.024]
  [3] tag=fs_stable_lifted     rot=fs_02        z_offset=0.0150 extent=[0.1108, 0.1108, 0.024]
  [4] tag=fs_stable_lifted     rot=fs_03        z_offset=0.0152 extent=[0.1104, 0.1119, 0.0242]
  [5] tag=fs_stable_lifted     rot=fs_04        z_offset=0.1380 extent=[0.034, 0.034, 0.135]
[INFO] flatsurface loaded: wrs.manipulation.placement.flatsurface
post_bl         : 12 candidates
  [0] tag=identity             rot=identity     z_offset=0.0030 extent=[0.024, 0.024, 0.135]
  [1] tag=fs_stable_lifted     rot=fs_00        z_offset=0.0150 extent=[0.1108, 0.1108, 0.024]
  [2] tag=fs_stable_lifted     rot=fs_01        z_offset=0.0150 extent=[0.1108, 0.1108, 0.024]
  [3] tag=fs_stable_lifted     rot=fs_02        z_offset=0.0150 extent=[0.1108, 0.1108, 0.024]
  [4] tag=fs_stable_lifted     rot=fs_03        z_offset=0.0152 extent=[0.1104, 0.1119, 0.0242]
  [5] tag=fs_stable_lifted     rot=fs_04        z_offset=0.1380 extent=[0.034, 0.034, 0.135]
[INFO] flatsurface loaded: wrs.manipulation.placement.flatsurface
post_fl         : 12 candidates
  [0] tag=identity             rot=identity     z_offset=0.0030 extent=[0.024, 0.024, 0.135]
  [1] tag=fs_stable_lifted     rot=fs_00        z_offset=0.0150 extent=[0.1108, 0.1108, 0.024]
  [2] tag=fs_stable_lifted     rot=fs_01        z_offset=0.0150 extent=[0.1108, 0.1108, 0.024]
  [3] tag=fs_stable_lifted     rot=fs_02        z_offset=0.0150 extent=[0.1108, 0.1108, 0.024]
  [4] tag=fs_stable_lifted     rot=fs_03        z_offset=0.0152 extent=[0.1104, 0.1119, 0.0242]
  [5] tag=fs_stable_lifted     rot=fs_04        z_offset=0.1380 extent=[0.034, 0.034, 0.135]
[INFO] flatsurface loaded: wrs.manipulation.placement.flatsurface
middle_plate    : 12 candidates
  [0] tag=identity             rot=identity     z_offset=0.0030 extent=[0.165, 0.12, 0.0216]
  [1] tag=fs_upright_lifted    rot=fs_00        z_offset=0.0630 extent=[0.1319, 0.1319, 0.12]
  [2] tag=fs_upright_lifted    rot=fs_01        z_offset=0.0630 extent=[0.1319, 0.1319, 0.12]
  [3] tag=fs_upright_lifted    rot=fs_02        z_offset=0.0855 extent=[0.1001, 0.1001, 0.165]
  [4] tag=fs_upright_lifted    rot=fs_03        z_offset=0.0855 extent=[0.1001, 0.1001, 0.165]
  [5] tag=auto_upright_lifted  rot=rot90_04     z_offset=0.0630 extent=[0.165, 0.0216, 0.12]
[INFO] flatsurface loaded: wrs.manipulation.placement.flatsurface
D:\Project\wrs-sealp\wrs\grasping\planning\segmentation.py:51: RuntimeWarning: invalid value encountered in arccos
  angle_array = np.arccos(face_normals[next_adj_list].dot(seed_face_normal.T))  # it seems clipping is not needed
D:\Project\wrs-sealp\wrs\grasping\planning\segmentation.py:64: RuntimeWarning: invalid value encountered in arccos
  angle_array = np.arccos(adj_face_normal_array.dot(adj_face_normal_array.T))
top_cross       : 12 candidates
  [0] tag=identity             rot=identity     z_offset=0.0030 extent=[0.0675, 0.018, 0.0675]
  [1] tag=fs_stable_lifted     rot=fs_00        z_offset=0.0120 extent=[0.0662, 0.0662, 0.018]
  [2] tag=fs_stable_lifted     rot=fs_01        z_offset=0.0120 extent=[0.0662, 0.0662, 0.018]
  [3] tag=fs_stable_lifted     rot=fs_03        z_offset=0.0640 extent=[0.0347, 0.0685, 0.0661]
  [4] tag=fs_stable_lifted     rot=fs_02        z_offset=0.0640 extent=[0.0641, 0.0532, 0.0661]
  [5] tag=fs_stable_lifted     rot=fs_04        z_offset=0.0368 extent=[0.0605, 0.0605, 0.0675]
triangles
convex_hull
triangles
convex_hull
triangles
convex_hull
triangles
convex_hull
triangles
convex_hull
triangles
convex_hull
triangles
convex_hull
triangles
convex_hull
triangles
convex_hull
triangles
convex_hull
triangles
convex_hull
triangles
convex_hull
triangles
convex_hull
triangles
convex_hull
[table-aware] thin_max=0.03 flat_min=0.06 -> 保留桌面做抓取检查的零件: ['base_plate(extent=[0.195, 0.15, 0.0243])', 'middle_plate(extent=[0.165, 0.12, 0.0216])', 'top_cross(extent=[0.0675, 0.018, 0.0675])']
[upright-force] middle_plate: 仅保留竖立候选 11 个(丢弃 1 个平放/低姿态); 首选 tag=fs_upright_lifted rot=fs_02 z=0.165(max=0.165)
[upright-force] top_cross: 仅保留竖立候选 5 个(丢弃 7 个平放/低姿态); 首选 tag=identity rot=identity z=0.068(max=0.068)
[upright-force] base_plate: 跳过(预装配首件, 姿态由 goal_pose 决定)

========== Assembly Region Candidates ==========
plan_assembly_region       = True
assembly_grid              = 3 x 3
preassemble_first          = True
filter_assembly_near_arms  = False  # disabled: 3x3 centers are not filtered by arm-base rectangle
assembly_collision_check   = preassembled first part vs arm collision boxes
filter_staging_near_arms   = True
staging_arm_x_clearance    = 0.1200 m
staging_arm_y_clearance    = 0.1200 m
arm_base_xy                = {'lft_arm_base': (0.0, 0.0), 'rgt_arm_base': (0.0, -0.62)}
  kept:
    r0_c0  rc=(0, 0) center=[0.0875, -0.71, 0.0]
    r0_c1  rc=(0, 1) center=[0.23, -0.71, 0.0]
    r0_c2  rc=(0, 2) center=[0.3725, -0.71, 0.0]
    r1_c0  rc=(1, 0) center=[0.0875, -0.35, 0.0]
    r1_c1  rc=(1, 1) center=[0.23, -0.35, 0.0]
    r1_c2  rc=(1, 2) center=[0.3725, -0.35, 0.0]
    r2_c2  rc=(2, 2) center=[0.3725, 0.01, 0.0]
  skipped:
    r2_c0  rc=(2, 0) center=[0.0875, 0.01, 0.0]  reason=preassembled first part collides with arm collision boxes at this assembly center: base_plate vs robot_lft_arm_collision_box
    r2_c1  rc=(2, 1) center=[0.23, 0.01, 0.0]  reason=preassembled first part collides with arm collision boxes at this assembly center: base_plate vs robot_lft_arm_collision_box

========== NSGA-II v1 Layout Search ==========
pop_size=8 offspring=4 generations=2 seed=0
max_evals=32 early_stop=3 cache_ndigits=3
objectives = [transport_cost, inverse_manipulability, grasp_risk, sequence_surrogate_cost]
note: sequence_surrogate_cost uses the current analytic layout_score in v1; GNN will replace it later.
L3 default/current = OFF
triangles
convex_hull
triangles
convex_hull
triangles
convex_hull
triangles
convex_hull
triangles
convex_hull
triangles
convex_hull
triangles
convex_hull
triangles
convex_hull
triangles
convex_hull
triangles
convex_hull
triangles
convex_hull
triangles
convex_hull
triangles
convex_hull
triangles
convex_hull
[init] 001/8 FAIL  score=-1.0000 region=r1_c2 obj=[11.6, 11.6, 11.6, 11.6]
triangles
convex_hull
triangles
convex_hull
triangles
convex_hull
triangles
convex_hull
triangles
convex_hull
triangles
convex_hull
triangles
convex_hull
triangles
convex_hull
triangles
convex_hull
triangles
convex_hull
triangles
convex_hull
triangles
convex_hull
triangles
convex_hull
triangles
convex_hull
D:\Project\wrs-sealp\wrs\basis\robot_math.py:920: RuntimeWarning: invalid value encountered in divide
  ax = deltaw / angle if isinstance(deltaw, np.ndarray) else None
[init] 002/8 FAIL  score=-1.0000 region=r1_c1 obj=[11.6, 11.6, 11.6, 11.6]
triangles
convex_hull
triangles
convex_hull
triangles
convex_hull
triangles
convex_hull
triangles
convex_hull
triangles
convex_hull
triangles
convex_hull
triangles
convex_hull
triangles
convex_hull
triangles
convex_hull
triangles
convex_hull
triangles
convex_hull
triangles
convex_hull
triangles
convex_hull
[init] 003/8 FAIL  score=-1.0000 region=r1_c1 obj=[11.6, 11.6, 11.6, 11.6]
triangles
convex_hull
triangles
convex_hull
triangles
convex_hull
triangles
convex_hull
triangles
convex_hull
triangles
convex_hull
triangles
convex_hull
triangles
convex_hull
triangles
convex_hull
triangles
convex_hull
triangles
convex_hull
triangles
convex_hull
triangles
convex_hull
triangles
convex_hull
[init] 004/8 FAIL  score=-1.0000 region=r1_c2 obj=[11.6, 11.6, 11.6, 11.6]
triangles
convex_hull
triangles
convex_hull
triangles
convex_hull
triangles
convex_hull
triangles
convex_hull
triangles
convex_hull
triangles
convex_hull
triangles
convex_hull
triangles
convex_hull
triangles
convex_hull
triangles
convex_hull
triangles
convex_hull
triangles
convex_hull
triangles
convex_hull
[init] 005/8 FAIL  score=-1.0000 region=r2_c2 obj=[11.6, 11.6, 11.6, 11.6]
triangles
convex_hull
triangles
convex_hull
triangles
convex_hull
triangles
convex_hull
triangles
convex_hull
triangles
convex_hull
triangles
convex_hull
triangles
convex_hull
triangles
convex_hull
triangles
convex_hull
triangles
convex_hull
triangles
convex_hull
triangles
convex_hull
triangles
convex_hull
[init] 006/8 FAIL  score=-1.0000 region=r0_c0 obj=[11.6, 11.6, 11.6, 11.6]
triangles
convex_hull
triangles
convex_hull
triangles
convex_hull
triangles
convex_hull
triangles
convex_hull
triangles
convex_hull
triangles
convex_hull
triangles
convex_hull
triangles
convex_hull
triangles
convex_hull
triangles
convex_hull
triangles
convex_hull
triangles
convex_hull
triangles
convex_hull
[init] 007/8 FAIL  score=-1.0000 region=r1_c1 obj=[11.6, 11.6, 11.6, 11.6]
triangles
convex_hull
triangles
convex_hull
triangles
convex_hull
triangles
convex_hull
triangles
convex_hull
triangles
convex_hull
triangles
convex_hull
triangles
convex_hull
triangles
convex_hull
triangles
convex_hull
triangles
convex_hull
triangles
convex_hull
triangles
convex_hull
triangles
convex_hull
[init] 008/8 FAIL  score=-1.0000 region=r2_c2 obj=[11.6, 11.6, 11.6, 11.6]
[NSGA-II] gen=00 feasible=0/8 front0=8
triangles
convex_hull
triangles
convex_hull
triangles
convex_hull
triangles
convex_hull
triangles
convex_hull
triangles
convex_hull
triangles
convex_hull
triangles
convex_hull
triangles
convex_hull
triangles
convex_hull
triangles
convex_hull
triangles
convex_hull
triangles
convex_hull
triangles
convex_hull
triangles
convex_hull
triangles
convex_hull
triangles
convex_hull
triangles
convex_hull
triangles
convex_hull
triangles
convex_hull
triangles
convex_hull
triangles
convex_hull
triangles
convex_hull
triangles
convex_hull
triangles
convex_hull
triangles
convex_hull
triangles
convex_hull
triangles
convex_hull
[NSGA-II] gen=01 feasible=0/8 front0=8
triangles
convex_hull
triangles
convex_hull
triangles
convex_hull
triangles
convex_hull
triangles
convex_hull
triangles
convex_hull
triangles
convex_hull
triangles
convex_hull
triangles
convex_hull
triangles
convex_hull
triangles
convex_hull
triangles
convex_hull
triangles
convex_hull
triangles
convex_hull
triangles
convex_hull
triangles
convex_hull
triangles
convex_hull
triangles
convex_hull
triangles
convex_hull
triangles
convex_hull
triangles
convex_hull
triangles
convex_hull
triangles
convex_hull
triangles
convex_hull
triangles
convex_hull
triangles
convex_hull
triangles
convex_hull
triangles
convex_hull
[NSGA-II] gen=02 feasible=0/8 front0=8

[FAIL] NSGA-II found no L2 feasible layout.

[SAVE] 未找到通过验证的布局, 且无旧 layout 文件, 不写出。
[nsga2-v1] wall-clock total = 903.257s

==============================================================================
  Per-pose IK Feasibility Cache
==============================================================================
  reason_common_gids pose lookups : 1285
    cache hits                    : 401  (31.2%)
    cache misses (real IK passes) : 884
  per-grasp IK evaluations        : 309400
  MAX_GRASPS_PER_POSE             : 350
  [note] cache hit = 省掉一整轮(子集 grasp)的 IK + 双碰撞，主要来自
         每个零件 goal 位姿在多个旋转候选间的复用;
         MAX_GRASPS_PER_POSE 把每轮 grasp 数封顶，进一步压低 IK 总量
         (打分在 grasp≈60~80 已饱和，抽样对最终排序影响很小)。
==============================================================================
